Command line invocation:
    /Applications/Xcode.app/Contents/Developer/usr/bin/xcodebuild -project 拾贝/拾贝.xcodeproj -scheme Recallo -destination generic/platform=iOS -configuration Release build CODE_SIGNING_ALLOWED=NO

Build settings from command line:
    CODE_SIGNING_ALLOWED = NO

ComputePackagePrebuildTargetDependencyGraph

Prepare packages

CreateBuildRequest

SendProjectDescription

CreateBuildOperation

ComputeTargetDependencyGraph
note: Building targets in dependency order
note: Target dependency graph (1 target)
    Target '拾贝' in project '拾贝' (no dependencies)

GatherProvisioningInputs

CreateBuildDescription

ExecuteExternalTool /Applications/Xcode.app/Contents/Developer/Toolchains/XcodeDefault.xctoolchain/usr/bin/clang -v -E -dM -isysroot /Applications/Xcode.app/Contents/Developer/Platforms/iPhoneOS.platform/Developer/SDKs/iPhoneOS26.5.sdk -x c -c /dev/null

ExecuteExternalTool /Applications/Xcode.app/Contents/Developer/usr/bin/xcstringstool compile --dry-run --output-directory /Users/hanmingyu/Library/Developer/Xcode/DerivedData/拾贝-abtvuvydfcapvdevksoiyuicgolr/Build/Intermediates.noindex/拾贝.build/Release-iphoneos/拾贝.build /Users/hanmingyu/Downloads/拾贝-prod-hardening/拾贝/拾贝/Localizable.xcstrings

ExecuteExternalTool /Applications/Xcode.app/Contents/Developer/usr/bin/actool --print-asset-tag-combinations --output-format xml1 /Users/hanmingyu/Downloads/拾贝-prod-hardening/拾贝/拾贝/Assets.xcassets

ExecuteExternalTool /Applications/Xcode.app/Contents/Developer/usr/bin/actool --version --output-format xml1

ExecuteExternalTool /Applications/Xcode.app/Contents/Developer/Toolchains/XcodeDefault.xctoolchain/usr/bin/swiftc --version

ExecuteExternalTool /Applications/Xcode.app/Contents/Developer/Toolchains/XcodeDefault.xctoolchain/usr/bin/ld -version_details

Build description signature: 2ea27bb7c1bc13c30ac3de01c0588f4a
Build description path: /Users/hanmingyu/Library/Developer/Xcode/DerivedData/拾贝-abtvuvydfcapvdevksoiyuicgolr/Build/Intermediates.noindex/XCBuildData/2ea27bb7c1bc13c30ac3de01c0588f4a.xcbuilddata
CreateBuildDirectory /Users/hanmingyu/Library/Developer/Xcode/DerivedData/拾贝-abtvuvydfcapvdevksoiyuicgolr/Build/Intermediates.noindex/EagerLinkingTBDs/Release-iphoneos
    cd /Users/hanmingyu/Downloads/拾贝-prod-hardening/拾贝/拾贝.xcodeproj
    builtin-create-build-directory /Users/hanmingyu/Library/Developer/Xcode/DerivedData/拾贝-abtvuvydfcapvdevksoiyuicgolr/Build/Intermediates.noindex/EagerLinkingTBDs/Release-iphoneos

CreateBuildDirectory /Users/hanmingyu/Library/Developer/Xcode/DerivedData/拾贝-abtvuvydfcapvdevksoiyuicgolr/Build/Products/Release-iphoneos
    cd /Users/hanmingyu/Downloads/拾贝-prod-hardening/拾贝/拾贝.xcodeproj
    builtin-create-build-directory /Users/hanmingyu/Library/Developer/Xcode/DerivedData/拾贝-abtvuvydfcapvdevksoiyuicgolr/Build/Products/Release-iphoneos

ClangStatCache /Applications/Xcode.app/Contents/Developer/Toolchains/XcodeDefault.xctoolchain/usr/bin/clang-stat-cache /Applications/Xcode.app/Contents/Developer/Platforms/iPhoneOS.platform/Developer/SDKs/iPhoneOS26.5.sdk /Users/hanmingyu/Library/Developer/Xcode/DerivedData/SDKStatCaches.noindex/iphoneos26.5-23F81a-32daed1954a7d5dd0789fcaf2a9bb78b.sdkstatcache
    cd /Users/hanmingyu/Downloads/拾贝-prod-hardening/拾贝/拾贝.xcodeproj
    /Applications/Xcode.app/Contents/Developer/Toolchains/XcodeDefault.xctoolchain/usr/bin/clang-stat-cache /Applications/Xcode.app/Contents/Developer/Platforms/iPhoneOS.platform/Developer/SDKs/iPhoneOS26.5.sdk -o /Users/hanmingyu/Library/Developer/Xcode/DerivedData/SDKStatCaches.noindex/iphoneos26.5-23F81a-32daed1954a7d5dd0789fcaf2a9bb78b.sdkstatcache

WriteAuxiliaryFile /Users/hanmingyu/Library/Developer/Xcode/DerivedData/拾贝-abtvuvydfcapvdevksoiyuicgolr/Build/Intermediates.noindex/拾贝.build/Release-iphoneos/拾贝-0509e105948f13418dd55be370c12ff2-VFS-iphoneos/all-product-headers.yaml
    cd /Users/hanmingyu/Downloads/拾贝-prod-hardening/拾贝/拾贝.xcodeproj
    write-file /Users/hanmingyu/Library/Developer/Xcode/DerivedData/拾贝-abtvuvydfcapvdevksoiyuicgolr/Build/Intermediates.noindex/拾贝.build/Release-iphoneos/拾贝-0509e105948f13418dd55be370c12ff2-VFS-iphoneos/all-product-headers.yaml

WriteAuxiliaryFile /Users/hanmingyu/Library/Developer/Xcode/DerivedData/拾贝-abtvuvydfcapvdevksoiyuicgolr/Build/Intermediates.noindex/拾贝.build/Release-iphoneos/拾贝.build/Recallo-own-target-headers.hmap (in target '拾贝' from project '拾贝')
    cd /Users/hanmingyu/Downloads/拾贝-prod-hardening/拾贝
    write-file /Users/hanmingyu/Library/Developer/Xcode/DerivedData/拾贝-abtvuvydfcapvdevksoiyuicgolr/Build/Intermediates.noindex/拾贝.build/Release-iphoneos/拾贝.build/Recallo-own-target-headers.hmap

WriteAuxiliaryFile /Users/hanmingyu/Library/Developer/Xcode/DerivedData/拾贝-abtvuvydfcapvdevksoiyuicgolr/Build/Intermediates.noindex/拾贝.build/Release-iphoneos/拾贝.build/Recallo-project-headers.hmap (in target '拾贝' from project '拾贝')
    cd /Users/hanmingyu/Downloads/拾贝-prod-hardening/拾贝
    write-file /Users/hanmingyu/Library/Developer/Xcode/DerivedData/拾贝-abtvuvydfcapvdevksoiyuicgolr/Build/Intermediates.noindex/拾贝.build/Release-iphoneos/拾贝.build/Recallo-project-headers.hmap

WriteAuxiliaryFile /Users/hanmingyu/Library/Developer/Xcode/DerivedData/拾贝-abtvuvydfcapvdevksoiyuicgolr/Build/Intermediates.noindex/拾贝.build/Release-iphoneos/拾贝.build/Recallo-all-target-headers.hmap (in target '拾贝' from project '拾贝')
    cd /Users/hanmingyu/Downloads/拾贝-prod-hardening/拾贝
    write-file /Users/hanmingyu/Library/Developer/Xcode/DerivedData/拾贝-abtvuvydfcapvdevksoiyuicgolr/Build/Intermediates.noindex/拾贝.build/Release-iphoneos/拾贝.build/Recallo-all-target-headers.hmap

WriteAuxiliaryFile /Users/hanmingyu/Library/Developer/Xcode/DerivedData/拾贝-abtvuvydfcapvdevksoiyuicgolr/Build/Intermediates.noindex/拾贝.build/Release-iphoneos/拾贝.build/empty-Recallo.plist (in target '拾贝' from project '拾贝')
    cd /Users/hanmingyu/Downloads/拾贝-prod-hardening/拾贝
    write-file /Users/hanmingyu/Library/Developer/Xcode/DerivedData/拾贝-abtvuvydfcapvdevksoiyuicgolr/Build/Intermediates.noindex/拾贝.build/Release-iphoneos/拾贝.build/empty-Recallo.plist

WriteAuxiliaryFile /Users/hanmingyu/Library/Developer/Xcode/DerivedData/拾贝-abtvuvydfcapvdevksoiyuicgolr/Build/Intermediates.noindex/拾贝.build/Release-iphoneos/拾贝.build/Recallo-all-non-framework-target-headers.hmap (in target '拾贝' from project '拾贝')
    cd /Users/hanmingyu/Downloads/拾贝-prod-hardening/拾贝
    write-file /Users/hanmingyu/Library/Developer/Xcode/DerivedData/拾贝-abtvuvydfcapvdevksoiyuicgolr/Build/Intermediates.noindex/拾贝.build/Release-iphoneos/拾贝.build/Recallo-all-non-framework-target-headers.hmap

WriteAuxiliaryFile /Users/hanmingyu/Library/Developer/Xcode/DerivedData/拾贝-abtvuvydfcapvdevksoiyuicgolr/Build/Intermediates.noindex/拾贝.build/Release-iphoneos/拾贝.build/Recallo-generated-files.hmap (in target '拾贝' from project '拾贝')
    cd /Users/hanmingyu/Downloads/拾贝-prod-hardening/拾贝
    write-file /Users/hanmingyu/Library/Developer/Xcode/DerivedData/拾贝-abtvuvydfcapvdevksoiyuicgolr/Build/Intermediates.noindex/拾贝.build/Release-iphoneos/拾贝.build/Recallo-generated-files.hmap

WriteAuxiliaryFile /Users/hanmingyu/Library/Developer/Xcode/DerivedData/拾贝-abtvuvydfcapvdevksoiyuicgolr/Build/Intermediates.noindex/拾贝.build/Release-iphoneos/拾贝.build/Recallo.hmap (in target '拾贝' from project '拾贝')
    cd /Users/hanmingyu/Downloads/拾贝-prod-hardening/拾贝
    write-file /Users/hanmingyu/Library/Developer/Xcode/DerivedData/拾贝-abtvuvydfcapvdevksoiyuicgolr/Build/Intermediates.noindex/拾贝.build/Release-iphoneos/拾贝.build/Recallo.hmap

WriteAuxiliaryFile /Users/hanmingyu/Library/Developer/Xcode/DerivedData/拾贝-abtvuvydfcapvdevksoiyuicgolr/Build/Intermediates.noindex/拾贝.build/Release-iphoneos/拾贝.build/Recallo.DependencyStaticMetadataFileList (in target '拾贝' from project '拾贝')
    cd /Users/hanmingyu/Downloads/拾贝-prod-hardening/拾贝
    write-file /Users/hanmingyu/Library/Developer/Xcode/DerivedData/拾贝-abtvuvydfcapvdevksoiyuicgolr/Build/Intermediates.noindex/拾贝.build/Release-iphoneos/拾贝.build/Recallo.DependencyStaticMetadataFileList

WriteAuxiliaryFile /Users/hanmingyu/Library/Developer/Xcode/DerivedData/拾贝-abtvuvydfcapvdevksoiyuicgolr/Build/Intermediates.noindex/拾贝.build/Release-iphoneos/拾贝.build/Recallo.DependencyMetadataFileList (in target '拾贝' from project '拾贝')
    cd /Users/hanmingyu/Downloads/拾贝-prod-hardening/拾贝
    write-file /Users/hanmingyu/Library/Developer/Xcode/DerivedData/拾贝-abtvuvydfcapvdevksoiyuicgolr/Build/Intermediates.noindex/拾贝.build/Release-iphoneos/拾贝.build/Recallo.DependencyMetadataFileList

WriteAuxiliaryFile /Users/hanmingyu/Library/Developer/Xcode/DerivedData/拾贝-abtvuvydfcapvdevksoiyuicgolr/Build/Intermediates.noindex/拾贝.build/Release-iphoneos/拾贝.build/Objects-normal/arm64/拾贝_const_extract_protocols.json (in target '拾贝' from project '拾贝')
    cd /Users/hanmingyu/Downloads/拾贝-prod-hardening/拾贝
    write-file /Users/hanmingyu/Library/Developer/Xcode/DerivedData/拾贝-abtvuvydfcapvdevksoiyuicgolr/Build/Intermediates.noindex/拾贝.build/Release-iphoneos/拾贝.build/Objects-normal/arm64/拾贝_const_extract_protocols.json

WriteAuxiliaryFile /Users/hanmingyu/Library/Developer/Xcode/DerivedData/拾贝-abtvuvydfcapvdevksoiyuicgolr/Build/Intermediates.noindex/拾贝.build/Release-iphoneos/拾贝.build/Objects-normal/arm64/拾贝-OutputFileMap.json (in target '拾贝' from project '拾贝')
    cd /Users/hanmingyu/Downloads/拾贝-prod-hardening/拾贝
    write-file /Users/hanmingyu/Library/Developer/Xcode/DerivedData/拾贝-abtvuvydfcapvdevksoiyuicgolr/Build/Intermediates.noindex/拾贝.build/Release-iphoneos/拾贝.build/Objects-normal/arm64/拾贝-OutputFileMap.json

WriteAuxiliaryFile /Users/hanmingyu/Library/Developer/Xcode/DerivedData/拾贝-abtvuvydfcapvdevksoiyuicgolr/Build/Intermediates.noindex/拾贝.build/Release-iphoneos/拾贝.build/Objects-normal/arm64/Recallo.SwiftFileList (in target '拾贝' from project '拾贝')
    cd /Users/hanmingyu/Downloads/拾贝-prod-hardening/拾贝
    write-file /Users/hanmingyu/Library/Developer/Xcode/DerivedData/拾贝-abtvuvydfcapvdevksoiyuicgolr/Build/Intermediates.noindex/拾贝.build/Release-iphoneos/拾贝.build/Objects-normal/arm64/Recallo.SwiftFileList

WriteAuxiliaryFile /Users/hanmingyu/Library/Developer/Xcode/DerivedData/拾贝-abtvuvydfcapvdevksoiyuicgolr/Build/Intermediates.noindex/拾贝.build/Release-iphoneos/拾贝.build/Objects-normal/arm64/Recallo.SwiftConstValuesFileList (in target '拾贝' from project '拾贝')
    cd /Users/hanmingyu/Downloads/拾贝-prod-hardening/拾贝
    write-file /Users/hanmingyu/Library/Developer/Xcode/DerivedData/拾贝-abtvuvydfcapvdevksoiyuicgolr/Build/Intermediates.noindex/拾贝.build/Release-iphoneos/拾贝.build/Objects-normal/arm64/Recallo.SwiftConstValuesFileList

WriteAuxiliaryFile /Users/hanmingyu/Library/Developer/Xcode/DerivedData/拾贝-abtvuvydfcapvdevksoiyuicgolr/Build/Intermediates.noindex/拾贝.build/Release-iphoneos/拾贝.build/Objects-normal/arm64/Recallo.LinkFileList (in target '拾贝' from project '拾贝')
    cd /Users/hanmingyu/Downloads/拾贝-prod-hardening/拾贝
    write-file /Users/hanmingyu/Library/Developer/Xcode/DerivedData/拾贝-abtvuvydfcapvdevksoiyuicgolr/Build/Intermediates.noindex/拾贝.build/Release-iphoneos/拾贝.build/Objects-normal/arm64/Recallo.LinkFileList

MkDir /Users/hanmingyu/Library/Developer/Xcode/DerivedData/拾贝-abtvuvydfcapvdevksoiyuicgolr/Build/Products/Release-iphoneos/Recallo.app (in target '拾贝' from project '拾贝')
    cd /Users/hanmingyu/Downloads/拾贝-prod-hardening/拾贝
    /bin/mkdir -p /Users/hanmingyu/Library/Developer/Xcode/DerivedData/拾贝-abtvuvydfcapvdevksoiyuicgolr/Build/Products/Release-iphoneos/Recallo.app

MkDir /Users/hanmingyu/Library/Developer/Xcode/DerivedData/拾贝-abtvuvydfcapvdevksoiyuicgolr/Build/Intermediates.noindex/拾贝.build/Release-iphoneos/拾贝.build/assetcatalog_output/thinned (in target '拾贝' from project '拾贝')
    cd /Users/hanmingyu/Downloads/拾贝-prod-hardening/拾贝
    /bin/mkdir -p /Users/hanmingyu/Library/Developer/Xcode/DerivedData/拾贝-abtvuvydfcapvdevksoiyuicgolr/Build/Intermediates.noindex/拾贝.build/Release-iphoneos/拾贝.build/assetcatalog_output/thinned

MkDir /Users/hanmingyu/Library/Developer/Xcode/DerivedData/拾贝-abtvuvydfcapvdevksoiyuicgolr/Build/Intermediates.noindex/拾贝.build/Release-iphoneos/拾贝.build/assetcatalog_output/unthinned (in target '拾贝' from project '拾贝')
    cd /Users/hanmingyu/Downloads/拾贝-prod-hardening/拾贝
    /bin/mkdir -p /Users/hanmingyu/Library/Developer/Xcode/DerivedData/拾贝-abtvuvydfcapvdevksoiyuicgolr/Build/Intermediates.noindex/拾贝.build/Release-iphoneos/拾贝.build/assetcatalog_output/unthinned

CpResource /Users/hanmingyu/Library/Developer/Xcode/DerivedData/拾贝-abtvuvydfcapvdevksoiyuicgolr/Build/Products/Release-iphoneos/Recallo.app/failed-chapter.json /Users/hanmingyu/Downloads/拾贝-prod-hardening/拾贝/拾贝/Fixtures/failed-chapter.json (in target '拾贝' from project '拾贝')
    cd /Users/hanmingyu/Downloads/拾贝-prod-hardening/拾贝
    builtin-copy -exclude .DS_Store -exclude CVS -exclude .svn -exclude .git -exclude .hg -resolve-src-symlinks /Users/hanmingyu/Downloads/拾贝-prod-hardening/拾贝/拾贝/Fixtures/failed-chapter.json /Users/hanmingyu/Library/Developer/Xcode/DerivedData/拾贝-abtvuvydfcapvdevksoiyuicgolr/Build/Products/Release-iphoneos/Recallo.app

CpResource /Users/hanmingyu/Library/Developer/Xcode/DerivedData/拾贝-abtvuvydfcapvdevksoiyuicgolr/Build/Products/Release-iphoneos/Recallo.app/empty-state.json /Users/hanmingyu/Downloads/拾贝-prod-hardening/拾贝/拾贝/Fixtures/empty-state.json (in target '拾贝' from project '拾贝')
    cd /Users/hanmingyu/Downloads/拾贝-prod-hardening/拾贝
    builtin-copy -exclude .DS_Store -exclude CVS -exclude .svn -exclude .git -exclude .hg -resolve-src-symlinks /Users/hanmingyu/Downloads/拾贝-prod-hardening/拾贝/拾贝/Fixtures/empty-state.json /Users/hanmingyu/Library/Developer/Xcode/DerivedData/拾贝-abtvuvydfcapvdevksoiyuicgolr/Build/Products/Release-iphoneos/Recallo.app

CpResource /Users/hanmingyu/Library/Developer/Xcode/DerivedData/拾贝-abtvuvydfcapvdevksoiyuicgolr/Build/Products/Release-iphoneos/Recallo.app/completed-chapter.json /Users/hanmingyu/Downloads/拾贝-prod-hardening/拾贝/拾贝/Fixtures/completed-chapter.json (in target '拾贝' from project '拾贝')
    cd /Users/hanmingyu/Downloads/拾贝-prod-hardening/拾贝
    builtin-copy -exclude .DS_Store -exclude CVS -exclude .svn -exclude .git -exclude .hg -resolve-src-symlinks /Users/hanmingyu/Downloads/拾贝-prod-hardening/拾贝/拾贝/Fixtures/completed-chapter.json /Users/hanmingyu/Library/Developer/Xcode/DerivedData/拾贝-abtvuvydfcapvdevksoiyuicgolr/Build/Products/Release-iphoneos/Recallo.app

GenerateAssetSymbols /Users/hanmingyu/Downloads/拾贝-prod-hardening/拾贝/拾贝/Assets.xcassets (in target '拾贝' from project '拾贝')
    cd /Users/hanmingyu/Downloads/拾贝-prod-hardening/拾贝
    /Applications/Xcode.app/Contents/Developer/usr/bin/actool /Users/hanmingyu/Downloads/拾贝-prod-hardening/拾贝/拾贝/Assets.xcassets --compile /Users/hanmingyu/Library/Developer/Xcode/DerivedData/拾贝-abtvuvydfcapvdevksoiyuicgolr/Build/Products/Release-iphoneos/Recallo.app --output-format human-readable-text --notices --warnings --export-dependency-info /Users/hanmingyu/Library/Developer/Xcode/DerivedData/拾贝-abtvuvydfcapvdevksoiyuicgolr/Build/Intermediates.noindex/拾贝.build/Release-iphoneos/拾贝.build/assetcatalog_dependencies --output-partial-info-plist /Users/hanmingyu/Library/Developer/Xcode/DerivedData/拾贝-abtvuvydfcapvdevksoiyuicgolr/Build/Intermediates.noindex/拾贝.build/Release-iphoneos/拾贝.build/assetcatalog_generated_info.plist --app-icon AppIcon --accent-color AccentColor --compress-pngs --enable-on-demand-resources YES --development-region en --target-device iphone --minimum-deployment-target 26.0 --platform iphoneos --bundle-identifier com.maxhan.shibei --generate-swift-asset-symbols /Users/hanmingyu/Library/Developer/Xcode/DerivedData/拾贝-abtvuvydfcapvdevksoiyuicgolr/Build/Intermediates.noindex/拾贝.build/Release-iphoneos/拾贝.build/DerivedSources/GeneratedAssetSymbols.swift --generate-objc-asset-symbols /Users/hanmingyu/Library/Developer/Xcode/DerivedData/拾贝-abtvuvydfcapvdevksoiyuicgolr/Build/Intermediates.noindex/拾贝.build/Release-iphoneos/拾贝.build/DerivedSources/GeneratedAssetSymbols.h --generate-asset-symbol-index /Users/hanmingyu/Library/Developer/Xcode/DerivedData/拾贝-abtvuvydfcapvdevksoiyuicgolr/Build/Intermediates.noindex/拾贝.build/Release-iphoneos/拾贝.build/DerivedSources/GeneratedAssetSymbols-Index.plist
/* com.apple.actool.compilation-results */
/Users/hanmingyu/Library/Developer/Xcode/DerivedData/拾贝-abtvuvydfcapvdevksoiyuicgolr/Build/Intermediates.noindex/拾贝.build/Release-iphoneos/拾贝.build/DerivedSources/GeneratedAssetSymbols-Index.plist
/Users/hanmingyu/Library/Developer/Xcode/DerivedData/拾贝-abtvuvydfcapvdevksoiyuicgolr/Build/Intermediates.noindex/拾贝.build/Release-iphoneos/拾贝.build/DerivedSources/GeneratedAssetSymbols.h
/Users/hanmingyu/Library/Developer/Xcode/DerivedData/拾贝-abtvuvydfcapvdevksoiyuicgolr/Build/Intermediates.noindex/拾贝.build/Release-iphoneos/拾贝.build/DerivedSources/GeneratedAssetSymbols.swift


CpResource /Users/hanmingyu/Library/Developer/Xcode/DerivedData/拾贝-abtvuvydfcapvdevksoiyuicgolr/Build/Products/Release-iphoneos/Recallo.app/chapter-summary.json /Users/hanmingyu/Downloads/拾贝-prod-hardening/拾贝/拾贝/Fixtures/chapter-summary.json (in target '拾贝' from project '拾贝')
    cd /Users/hanmingyu/Downloads/拾贝-prod-hardening/拾贝
    builtin-copy -exclude .DS_Store -exclude CVS -exclude .svn -exclude .git -exclude .hg -resolve-src-symlinks /Users/hanmingyu/Downloads/拾贝-prod-hardening/拾贝/拾贝/Fixtures/chapter-summary.json /Users/hanmingyu/Library/Developer/Xcode/DerivedData/拾贝-abtvuvydfcapvdevksoiyuicgolr/Build/Products/Release-iphoneos/Recallo.app

CpResource /Users/hanmingyu/Library/Developer/Xcode/DerivedData/拾贝-abtvuvydfcapvdevksoiyuicgolr/Build/Products/Release-iphoneos/Recallo.app/active-review-session.json /Users/hanmingyu/Downloads/拾贝-prod-hardening/拾贝/拾贝/Fixtures/active-review-session.json (in target '拾贝' from project '拾贝')
    cd /Users/hanmingyu/Downloads/拾贝-prod-hardening/拾贝
    builtin-copy -exclude .DS_Store -exclude CVS -exclude .svn -exclude .git -exclude .hg -resolve-src-symlinks /Users/hanmingyu/Downloads/拾贝-prod-hardening/拾贝/拾贝/Fixtures/active-review-session.json /Users/hanmingyu/Library/Developer/Xcode/DerivedData/拾贝-abtvuvydfcapvdevksoiyuicgolr/Build/Products/Release-iphoneos/Recallo.app

CpResource /Users/hanmingyu/Library/Developer/Xcode/DerivedData/拾贝-abtvuvydfcapvdevksoiyuicgolr/Build/Products/Release-iphoneos/Recallo.app/PrivacyInfo.xcprivacy /Users/hanmingyu/Downloads/拾贝-prod-hardening/拾贝/拾贝/PrivacyInfo.xcprivacy (in target '拾贝' from project '拾贝')
    cd /Users/hanmingyu/Downloads/拾贝-prod-hardening/拾贝
    builtin-copy -exclude .DS_Store -exclude CVS -exclude .svn -exclude .git -exclude .hg -resolve-src-symlinks /Users/hanmingyu/Downloads/拾贝-prod-hardening/拾贝/拾贝/PrivacyInfo.xcprivacy /Users/hanmingyu/Library/Developer/Xcode/DerivedData/拾贝-abtvuvydfcapvdevksoiyuicgolr/Build/Products/Release-iphoneos/Recallo.app

CompileXCStrings /Users/hanmingyu/Library/Developer/Xcode/DerivedData/拾贝-abtvuvydfcapvdevksoiyuicgolr/Build/Intermediates.noindex/拾贝.build/Release-iphoneos/拾贝.build/ /Users/hanmingyu/Downloads/拾贝-prod-hardening/拾贝/拾贝/Localizable.xcstrings (in target '拾贝' from project '拾贝')
    cd /Users/hanmingyu/Downloads/拾贝-prod-hardening/拾贝
    /Applications/Xcode.app/Contents/Developer/usr/bin/xcstringstool compile --output-directory /Users/hanmingyu/Library/Developer/Xcode/DerivedData/拾贝-abtvuvydfcapvdevksoiyuicgolr/Build/Intermediates.noindex/拾贝.build/Release-iphoneos/拾贝.build /Users/hanmingyu/Downloads/拾贝-prod-hardening/拾贝/拾贝/Localizable.xcstrings

CompileAssetCatalogVariant thinned /Users/hanmingyu/Library/Developer/Xcode/DerivedData/拾贝-abtvuvydfcapvdevksoiyuicgolr/Build/Products/Release-iphoneos/Recallo.app /Users/hanmingyu/Downloads/拾贝-prod-hardening/拾贝/拾贝/Assets.xcassets (in target '拾贝' from project '拾贝')
    cd /Users/hanmingyu/Downloads/拾贝-prod-hardening/拾贝
    /Applications/Xcode.app/Contents/Developer/usr/bin/actool /Users/hanmingyu/Downloads/拾贝-prod-hardening/拾贝/拾贝/Assets.xcassets --compile /Users/hanmingyu/Library/Developer/Xcode/DerivedData/拾贝-abtvuvydfcapvdevksoiyuicgolr/Build/Intermediates.noindex/拾贝.build/Release-iphoneos/拾贝.build/assetcatalog_output/thinned --output-format human-readable-text --notices --warnings --export-dependency-info /Users/hanmingyu/Library/Developer/Xcode/DerivedData/拾贝-abtvuvydfcapvdevksoiyuicgolr/Build/Intermediates.noindex/拾贝.build/Release-iphoneos/拾贝.build/assetcatalog_dependencies_thinned --output-partial-info-plist /Users/hanmingyu/Library/Developer/Xcode/DerivedData/拾贝-abtvuvydfcapvdevksoiyuicgolr/Build/Intermediates.noindex/拾贝.build/Release-iphoneos/拾贝.build/assetcatalog_generated_info.plist_thinned --app-icon AppIcon --accent-color AccentColor --compress-pngs --enable-on-demand-resources YES --development-region en --target-device iphone --minimum-deployment-target 26.0 --platform iphoneos
/* com.apple.actool.compilation-results */
/Users/hanmingyu/Library/Developer/Xcode/DerivedData/拾贝-abtvuvydfcapvdevksoiyuicgolr/Build/Intermediates.noindex/拾贝.build/Release-iphoneos/拾贝.build/assetcatalog_generated_info.plist_thinned
/Users/hanmingyu/Library/Developer/Xcode/DerivedData/拾贝-abtvuvydfcapvdevksoiyuicgolr/Build/Intermediates.noindex/拾贝.build/Release-iphoneos/拾贝.build/assetcatalog_output/thinned/AppIcon60x60@2x.png
/Users/hanmingyu/Library/Developer/Xcode/DerivedData/拾贝-abtvuvydfcapvdevksoiyuicgolr/Build/Intermediates.noindex/拾贝.build/Release-iphoneos/拾贝.build/assetcatalog_output/thinned/AppIcon76x76@2x~ipad.png
/Users/hanmingyu/Library/Developer/Xcode/DerivedData/拾贝-abtvuvydfcapvdevksoiyuicgolr/Build/Intermediates.noindex/拾贝.build/Release-iphoneos/拾贝.build/assetcatalog_output/thinned/Assets.car


CopyStringsFile /Users/hanmingyu/Library/Developer/Xcode/DerivedData/拾贝-abtvuvydfcapvdevksoiyuicgolr/Build/Products/Release-iphoneos/Recallo.app/zh-Hans.lproj/Localizable.strings /Users/hanmingyu/Library/Developer/Xcode/DerivedData/拾贝-abtvuvydfcapvdevksoiyuicgolr/Build/Intermediates.noindex/拾贝.build/Release-iphoneos/拾贝.build/zh-Hans.lproj/Localizable.strings (in target '拾贝' from project '拾贝')
    cd /Users/hanmingyu/Downloads/拾贝-prod-hardening/拾贝
    builtin-copyStrings --validate --outputencoding binary --outfilename Localizable.strings --outdir /Users/hanmingyu/Library/Developer/Xcode/DerivedData/拾贝-abtvuvydfcapvdevksoiyuicgolr/Build/Products/Release-iphoneos/Recallo.app/zh-Hans.lproj -- /Users/hanmingyu/Library/Developer/Xcode/DerivedData/拾贝-abtvuvydfcapvdevksoiyuicgolr/Build/Intermediates.noindex/拾贝.build/Release-iphoneos/拾贝.build/zh-Hans.lproj/Localizable.strings
/Users/hanmingyu/Library/Developer/Xcode/DerivedData/拾贝-abtvuvydfcapvdevksoiyuicgolr/Build/Intermediates.noindex/拾贝.build/Release-iphoneos/拾贝.build/zh-Hans.lproj/Localizable.strings:1:1: note: detected encoding of input file as Unicode (UTF-8) (in target '拾贝' from project '拾贝')

CopyStringsFile /Users/hanmingyu/Library/Developer/Xcode/DerivedData/拾贝-abtvuvydfcapvdevksoiyuicgolr/Build/Products/Release-iphoneos/Recallo.app/en.lproj/Localizable.strings /Users/hanmingyu/Library/Developer/Xcode/DerivedData/拾贝-abtvuvydfcapvdevksoiyuicgolr/Build/Intermediates.noindex/拾贝.build/Release-iphoneos/拾贝.build/en.lproj/Localizable.strings (in target '拾贝' from project '拾贝')
    cd /Users/hanmingyu/Downloads/拾贝-prod-hardening/拾贝
    builtin-copyStrings --validate --outputencoding binary --outfilename Localizable.strings --outdir /Users/hanmingyu/Library/Developer/Xcode/DerivedData/拾贝-abtvuvydfcapvdevksoiyuicgolr/Build/Products/Release-iphoneos/Recallo.app/en.lproj -- /Users/hanmingyu/Library/Developer/Xcode/DerivedData/拾贝-abtvuvydfcapvdevksoiyuicgolr/Build/Intermediates.noindex/拾贝.build/Release-iphoneos/拾贝.build/en.lproj/Localizable.strings
/Users/hanmingyu/Library/Developer/Xcode/DerivedData/拾贝-abtvuvydfcapvdevksoiyuicgolr/Build/Intermediates.noindex/拾贝.build/Release-iphoneos/拾贝.build/en.lproj/Localizable.strings:1:1: note: detected encoding of input file as Unicode (UTF-8) (in target '拾贝' from project '拾贝')

SwiftDriver 拾贝 normal arm64 com.apple.xcode.tools.swift.compiler (in target '拾贝' from project '拾贝')
    cd /Users/hanmingyu/Downloads/拾贝-prod-hardening/拾贝
    builtin-SwiftDriver -- /Applications/Xcode.app/Contents/Developer/Toolchains/XcodeDefault.xctoolchain/usr/bin/swiftc -module-name Recallo -O -whole-module-optimization @/Users/hanmingyu/Library/Developer/Xcode/DerivedData/拾贝-abtvuvydfcapvdevksoiyuicgolr/Build/Intermediates.noindex/拾贝.build/Release-iphoneos/拾贝.build/Objects-normal/arm64/Recallo.SwiftFileList -enable-bare-slash-regex -enable-experimental-feature DebugDescriptionMacro -sdk /Applications/Xcode.app/Contents/Developer/Platforms/iPhoneOS.platform/Developer/SDKs/iPhoneOS26.5.sdk -target arm64-apple-ios26.0 -g -module-cache-path /Users/hanmingyu/Library/Developer/Xcode/DerivedData/ModuleCache.noindex -Xfrontend -serialize-debugging-options -profile-coverage-mapping -profile-generate -swift-version 5 -I /Users/hanmingyu/Library/Developer/Xcode/DerivedData/拾贝-abtvuvydfcapvdevksoiyuicgolr/Build/Products/Release-iphoneos -F /Users/hanmingyu/Library/Developer/Xcode/DerivedData/拾贝-abtvuvydfcapvdevksoiyuicgolr/Build/Products/Release-iphoneos -emit-localized-strings -emit-localized-strings-path /Users/hanmingyu/Library/Developer/Xcode/DerivedData/拾贝-abtvuvydfcapvdevksoiyuicgolr/Build/Intermediates.noindex/拾贝.build/Release-iphoneos/拾贝.build/Objects-normal/arm64 -c -num-threads 8 -Xcc -ivfsstatcache -Xcc /Users/hanmingyu/Library/Developer/Xcode/DerivedData/SDKStatCaches.noindex/iphoneos26.5-23F81a-32daed1954a7d5dd0789fcaf2a9bb78b.sdkstatcache -output-file-map /Users/hanmingyu/Library/Developer/Xcode/DerivedData/拾贝-abtvuvydfcapvdevksoiyuicgolr/Build/Intermediates.noindex/拾贝.build/Release-iphoneos/拾贝.build/Objects-normal/arm64/拾贝-OutputFileMap.json -use-frontend-parseable-output -save-temps -no-color-diagnostics -explicit-module-build -module-cache-path /Users/hanmingyu/Library/Developer/Xcode/DerivedData/拾贝-abtvuvydfcapvdevksoiyuicgolr/Build/Intermediates.noindex/SwiftExplicitPrecompiledModules -clang-scanner-module-cache-path /Users/hanmingyu/Library/Developer/Xcode/DerivedData/ModuleCache.noindex -sdk-module-cache-path /Users/hanmingyu/Library/Developer/Xcode/DerivedData/ModuleCache.noindex -serialize-diagnostics -emit-dependencies -emit-module -emit-module-path /Users/hanmingyu/Library/Developer/Xcode/DerivedData/拾贝-abtvuvydfcapvdevksoiyuicgolr/Build/Intermediates.noindex/拾贝.build/Release-iphoneos/拾贝.build/Objects-normal/arm64/Recallo.swiftmodule -validate-clang-modules-once -clang-build-session-file /Users/hanmingyu/Library/Developer/Xcode/DerivedData/ModuleCache.noindex/Session.modulevalidation -Xcc -I/Users/hanmingyu/Library/Developer/Xcode/DerivedData/拾贝-abtvuvydfcapvdevksoiyuicgolr/Build/Intermediates.noindex/拾贝.build/Release-iphoneos/拾贝.build/swift-overrides.hmap -emit-const-values -Xfrontend -const-gather-protocols-file -Xfrontend /Users/hanmingyu/Library/Developer/Xcode/DerivedData/拾贝-abtvuvydfcapvdevksoiyuicgolr/Build/Intermediates.noindex/拾贝.build/Release-iphoneos/拾贝.build/Objects-normal/arm64/拾贝_const_extract_protocols.json -Xcc -iquote -Xcc /Users/hanmingyu/Library/Developer/Xcode/DerivedData/拾贝-abtvuvydfcapvdevksoiyuicgolr/Build/Intermediates.noindex/拾贝.build/Release-iphoneos/拾贝.build/Recallo-generated-files.hmap -Xcc -I/Users/hanmingyu/Library/Developer/Xcode/DerivedData/拾贝-abtvuvydfcapvdevksoiyuicgolr/Build/Intermediates.noindex/拾贝.build/Release-iphoneos/拾贝.build/Recallo-own-target-headers.hmap -Xcc -I/Users/hanmingyu/Library/Developer/Xcode/DerivedData/拾贝-abtvuvydfcapvdevksoiyuicgolr/Build/Intermediates.noindex/拾贝.build/Release-iphoneos/拾贝.build/Recallo-all-target-headers.hmap -Xcc -iquote -Xcc /Users/hanmingyu/Library/Developer/Xcode/DerivedData/拾贝-abtvuvydfcapvdevksoiyuicgolr/Build/Intermediates.noindex/拾贝.build/Release-iphoneos/拾贝.build/Recallo-project-headers.hmap -Xcc -I/Users/hanmingyu/Library/Developer/Xcode/DerivedData/拾贝-abtvuvydfcapvdevksoiyuicgolr/Build/Products/Release-iphoneos/include -Xcc -I/Users/hanmingyu/Library/Developer/Xcode/DerivedData/拾贝-abtvuvydfcapvdevksoiyuicgolr/Build/Intermediates.noindex/拾贝.build/Release-iphoneos/拾贝.build/DerivedSources-normal/arm64 -Xcc -I/Users/hanmingyu/Library/Developer/Xcode/DerivedData/拾贝-abtvuvydfcapvdevksoiyuicgolr/Build/Intermediates.noindex/拾贝.build/Release-iphoneos/拾贝.build/DerivedSources/arm64 -Xcc -I/Users/hanmingyu/Library/Developer/Xcode/DerivedData/拾贝-abtvuvydfcapvdevksoiyuicgolr/Build/Intermediates.noindex/拾贝.build/Release-iphoneos/拾贝.build/DerivedSources -emit-objc-header -emit-objc-header-path /Users/hanmingyu/Library/Developer/Xcode/DerivedData/拾贝-abtvuvydfcapvdevksoiyuicgolr/Build/Intermediates.noindex/拾贝.build/Release-iphoneos/拾贝.build/Objects-normal/arm64/Recallo-Swift.h -working-directory /Users/hanmingyu/Downloads/拾贝-prod-hardening/拾贝 -no-emit-module-separately-wmo

SwiftCompile normal arm64 Compiling\ DesignSystem.swift,\ ChapterInput.swift,\ ShiBeiModels.swift,\ APIClient.swift,\ DeviceIdentityStore.swift,\ LocalAPIChapterService.swift,\ LocalAPINotificationService.swift,\ LocalAPIReviewService.swift,\ MockServices.swift,\ PushNotificationService.swift,\ ServiceProtocols.swift,\ V2BaseCardComponents.swift,\ V2ChapterCards.swift,\ V2DiscoverCards.swift,\ V2NotesCards.swift,\ V2ProfileCards.swift,\ V2QuestionComponents.swift,\ V2UnitOverviewComponents.swift,\ V2GenerationCards.swift,\ V2NotificationComponents.swift,\ V2AIProcessingConsentSheet.swift,\ V2BottomNavigationBar.swift,\ V2CircleIconButton.swift,\ V2CurrentChapterBanner.swift,\ V2FlowComponents.swift,\ V2LearningPathNodeView.swift,\ V2NodePopover.swift,\ V2SplashView.swift,\ V2DesignSystem.swift,\ V2DemoContentProvider.swift,\ V2HomeFixture.swift,\ V2ReviewFixture.swift,\ V2BackendModels.swift,\ V2GenerationState.swift,\ V2HomeModels.swift,\ V2ReviewFlowModels.swift,\ V2RouteStore.swift,\ V2HomeView.swift,\ V2ReviewFlowScreens.swift,\ V2TabScreens.swift,\ V2RootView.swift,\ ChapterViews.swift,\ HomeViews.swift,\ ReviewViews.swift,\ RootView.swift,\ SettingsViews.swift,\ __App.swift,\ ContentView.swift,\ Localization.swift,\ GeneratedAssetSymbols.swift /Users/hanmingyu/Downloads/拾贝-prod-hardening/拾贝/拾贝/Components/DesignSystem.swift /Users/hanmingyu/Downloads/拾贝-prod-hardening/拾贝/拾贝/Models/ChapterInput.swift /Users/hanmingyu/Downloads/拾贝-prod-hardening/拾贝/拾贝/Models/ShiBeiModels.swift /Users/hanmingyu/Downloads/拾贝-prod-hardening/拾贝/拾贝/Services/APIClient.swift /Users/hanmingyu/Downloads/拾贝-prod-hardening/拾贝/拾贝/Services/DeviceIdentityStore.swift /Users/hanmingyu/Downloads/拾贝-prod-hardening/拾贝/拾贝/Services/LocalAPIChapterService.swift /Users/hanmingyu/Downloads/拾贝-prod-hardening/拾贝/拾贝/Services/LocalAPINotificationService.swift /Users/hanmingyu/Downloads/拾贝-prod-hardening/拾贝/拾贝/Services/LocalAPIReviewService.swift /Users/hanmingyu/Downloads/拾贝-prod-hardening/拾贝/拾贝/Services/MockServices.swift /Users/hanmingyu/Downloads/拾贝-prod-hardening/拾贝/拾贝/Services/PushNotificationService.swift /Users/hanmingyu/Downloads/拾贝-prod-hardening/拾贝/拾贝/Services/ServiceProtocols.swift /Users/hanmingyu/Downloads/拾贝-prod-hardening/拾贝/拾贝/V2/Components/Cards/V2BaseCardComponents.swift /Users/hanmingyu/Downloads/拾贝-prod-hardening/拾贝/拾贝/V2/Components/Cards/V2ChapterCards.swift /Users/hanmingyu/Downloads/拾贝-prod-hardening/拾贝/拾贝/V2/Components/Cards/V2DiscoverCards.swift /Users/hanmingyu/Downloads/拾贝-prod-hardening/拾贝/拾贝/V2/Components/Cards/V2NotesCards.swift /Users/hanmingyu/Downloads/拾贝-prod-hardening/拾贝/拾贝/V2/Components/Cards/V2ProfileCards.swift /Users/hanmingyu/Downloads/拾贝-prod-hardening/拾贝/拾贝/V2/Components/Flow/V2QuestionComponents.swift /Users/hanmingyu/Downloads/拾贝-prod-hardening/拾贝/拾贝/V2/Components/Flow/V2UnitOverviewComponents.swift /Users/hanmingyu/Downloads/拾贝-prod-hardening/拾贝/拾贝/V2/Components/Generation/V2GenerationCards.swift /Users/hanmingyu/Downloads/拾贝-prod-hardening/拾贝/拾贝/V2/Components/Notifications/V2NotificationComponents.swift /Users/hanmingyu/Downloads/拾贝-prod-hardening/拾贝/拾贝/V2/Components/V2AIProcessingConsentSheet.swift /Users/hanmingyu/Downloads/拾贝-prod-hardening/拾贝/拾贝/V2/Components/V2BottomNavigationBar.swift /Users/hanmingyu/Downloads/拾贝-prod-hardening/拾贝/拾贝/V2/Components/V2CircleIconButton.swift /Users/hanmingyu/Downloads/拾贝-prod-hardening/拾贝/拾贝/V2/Components/V2CurrentChapterBanner.swift /Users/hanmingyu/Downloads/拾贝-prod-hardening/拾贝/拾贝/V2/Components/V2FlowComponents.swift /Users/hanmingyu/Downloads/拾贝-prod-hardening/拾贝/拾贝/V2/Components/V2LearningPathNodeView.swift /Users/hanmingyu/Downloads/拾贝-prod-hardening/拾贝/拾贝/V2/Components/V2NodePopover.swift /Users/hanmingyu/Downloads/拾贝-prod-hardening/拾贝/拾贝/V2/Components/V2SplashView.swift /Users/hanmingyu/Downloads/拾贝-prod-hardening/拾贝/拾贝/V2/DesignSystem/V2DesignSystem.swift /Users/hanmingyu/Downloads/拾贝-prod-hardening/拾贝/拾贝/V2/Fixtures/V2DemoContentProvider.swift /Users/hanmingyu/Downloads/拾贝-prod-hardening/拾贝/拾贝/V2/Fixtures/V2HomeFixture.swift /Users/hanmingyu/Downloads/拾贝-prod-hardening/拾贝/拾贝/V2/Fixtures/V2ReviewFixture.swift /Users/hanmingyu/Downloads/拾贝-prod-hardening/拾贝/拾贝/V2/Models/V2BackendModels.swift /Users/hanmingyu/Downloads/拾贝-prod-hardening/拾贝/拾贝/V2/Models/V2GenerationState.swift /Users/hanmingyu/Downloads/拾贝-prod-hardening/拾贝/拾贝/V2/Models/V2HomeModels.swift /Users/hanmingyu/Downloads/拾贝-prod-hardening/拾贝/拾贝/V2/Models/V2ReviewFlowModels.swift /Users/hanmingyu/Downloads/拾贝-prod-hardening/拾贝/拾贝/V2/Navigation/V2RouteStore.swift /Users/hanmingyu/Downloads/拾贝-prod-hardening/拾贝/拾贝/V2/Screens/Home/V2HomeView.swift /Users/hanmingyu/Downloads/拾贝-prod-hardening/拾贝/拾贝/V2/Screens/Review/V2ReviewFlowScreens.swift /Users/hanmingyu/Downloads/拾贝-prod-hardening/拾贝/拾贝/V2/Screens/Tabs/V2TabScreens.swift /Users/hanmingyu/Downloads/拾贝-prod-hardening/拾贝/拾贝/V2/V2RootView.swift /Users/hanmingyu/Downloads/拾贝-prod-hardening/拾贝/拾贝/Views/ChapterViews.swift /Users/hanmingyu/Downloads/拾贝-prod-hardening/拾贝/拾贝/Views/HomeViews.swift /Users/hanmingyu/Downloads/拾贝-prod-hardening/拾贝/拾贝/Views/ReviewViews.swift /Users/hanmingyu/Downloads/拾贝-prod-hardening/拾贝/拾贝/Views/RootView.swift /Users/hanmingyu/Downloads/拾贝-prod-hardening/拾贝/拾贝/Views/SettingsViews.swift /Users/hanmingyu/Downloads/拾贝-prod-hardening/拾贝/拾贝/__App.swift /Users/hanmingyu/Downloads/拾贝-prod-hardening/拾贝/拾贝/ContentView.swift /Users/hanmingyu/Downloads/拾贝-prod-hardening/拾贝/拾贝/Localization.swift /Users/hanmingyu/Library/Developer/Xcode/DerivedData/拾贝-abtvuvydfcapvdevksoiyuicgolr/Build/Intermediates.noindex/拾贝.build/Release-iphoneos/拾贝.build/DerivedSources/GeneratedAssetSymbols.swift /Applications/Xcode.app/Contents/Developer/Toolchains/XcodeDefault.xctoolchain/usr/lib/swift/iphoneos/prebuilt-modules/26.5/UIKit.swiftmodule/arm64e-apple-ios.swiftmodule /Applications/Xcode.app/Contents/Developer/Toolchains/XcodeDefault.xctoolchain/usr/lib/swift/iphoneos/prebuilt-modules/26.5/Accessibility.swiftmodule/arm64e-apple-ios.swiftmodule /Applications/Xcode.app/Contents/Developer/Toolchains/XcodeDefault.xctoolchain/usr/lib/swift/iphoneos/prebuilt-modules/26.5/Dispatch.swiftmodule/arm64e-apple-ios.swiftmodule /Applications/Xcode.app/Contents/Developer/Toolchains/XcodeDefault.xctoolchain/usr/lib/swift/iphoneos/prebuilt-modules/26.5/CoreFoundation.swiftmodule/arm64e-apple-ios.swiftmodule /Applications/Xcode.app/Contents/Developer/Toolchains/XcodeDefault.xctoolchain/usr/lib/swift/iphoneos/prebuilt-modules/26.5/ObjectiveC.swiftmodule/arm64e-apple-ios.swiftmodule /Applications/Xcode.app/Contents/Developer/Toolchains/XcodeDefault.xctoolchain/usr/lib/swift/iphoneos/prebuilt-modules/26.5/CoreMIDI.swiftmodule/arm64e-apple-ios.swiftmodule /Applications/Xcode.app/Contents/Developer/Toolchains/XcodeDefault.xctoolchain/usr/lib/swift/iphoneos/prebuilt-modules/26.5/AVFoundation.swiftmodule/arm64e-apple-ios.swiftmodule /Applications/Xcode.app/Contents/Developer/Toolchains/XcodeDefault.xctoolchain/usr/lib/swift/iphoneos/prebuilt-modules/26.5/DataDetection.swiftmodule/arm64e-apple-ios.swiftmodule /Applications/Xcode.app/Contents/Developer/Toolchains/XcodeDefault.xctoolchain/usr/lib/swift/iphoneos/prebuilt-modules/26.5/Photos.swiftmodule/arm64e-apple-ios.swiftmodule /Applications/Xcode.app/Contents/Developer/Toolchains/XcodeDefault.xctoolchain/usr/lib/swift/iphoneos/prebuilt-modules/26.5/CoreAudio.swiftmodule/arm64e-apple-ios.swiftmodule /Applications/Xcode.app/Contents/Developer/Toolchains/XcodeDefault.xctoolchain/usr/lib/swift/iphoneos/prebuilt-modules/26.5/SwiftUI.swiftmodule/arm64e-apple-ios.swiftmodule /Applications/Xcode.app/Contents/Developer/Toolchains/XcodeDefault.xctoolchain/usr/lib/swift/iphoneos/prebuilt-modules/26.5/CoreImage.swiftmodule/arm64e-apple-ios.swiftmodule /Applications/Xcode.app/Contents/Developer/Toolchains/XcodeDefault.xctoolchain/usr/lib/swift/iphoneos/prebuilt-modules/26.5/DeveloperToolsSupport.swiftmodule/arm64e-apple-ios.swiftmodule /Applications/Xcode.app/Contents/Developer/Toolchains/XcodeDefault.xctoolchain/usr/lib/swift/iphoneos/prebuilt-modules/26.5/FileProvider.swiftmodule/arm64e-apple-ios.swiftmodule /Applications/Xcode.app/Contents/Developer/Toolchains/XcodeDefault.xctoolchain/usr/lib/swift/iphoneos/prebuilt-modules/26.5/AVFAudio.swiftmodule/arm64e-apple-ios.swiftmodule /Applications/Xcode.app/Contents/Developer/Toolchains/XcodeDefault.xctoolchain/usr/lib/swift/iphoneos/prebuilt-modules/26.5/_DarwinFoundation1.swiftmodule/arm64e-apple-ios.swiftmodule /Applications/Xcode.app/Contents/Developer/Toolchains/XcodeDefault.xctoolchain/usr/lib/swift/iphoneos/prebuilt-modules/26.5/QuartzCore.swiftmodule/arm64e-apple-ios.swiftmodule /Applications/Xcode.app/Contents/Developer/Toolchains/XcodeDefault.xctoolchain/usr/lib/swift/iphoneos/prebuilt-modules/26.5/CoreVideo.swiftmodule/arm64e-apple-ios.swiftmodule /Applications/Xcode.app/Contents/Developer/Toolchains/XcodeDefault.xctoolchain/usr/lib/swift/iphoneos/prebuilt-modules/26.5/System.swiftmodule/arm64e-apple-ios.swiftmodule /Applications/Xcode.app/Contents/Developer/Toolchains/XcodeDefault.xctoolchain/usr/lib/swift/iphoneos/prebuilt-modules/26.5/SwiftUICore.swiftmodule/arm64e-apple-ios.swiftmodule /Applications/Xcode.app/Contents/Developer/Toolchains/XcodeDefault.xctoolchain/usr/lib/swift/iphoneos/prebuilt-modules/26.5/Spatial.swiftmodule/arm64e-apple-ios.swiftmodule /Applications/Xcode.app/Contents/Developer/Toolchains/XcodeDefault.xctoolchain/usr/lib/swift/iphoneos/prebuilt-modules/26.5/simd.swiftmodule/arm64e-apple-ios.swiftmodule /Applications/Xcode.app/Contents/Developer/Toolchains/XcodeDefault.xctoolchain/usr/lib/swift/iphoneos/prebuilt-modules/26.5/_DarwinFoundation2.swiftmodule/arm64e-apple-ios.swiftmodule /Applications/Xcode.app/Contents/Developer/Toolchains/XcodeDefault.xctoolchain/usr/lib/swift/iphoneos/prebuilt-modules/26.5/os.swiftmodule/arm64e-apple-ios.swiftmodule /Applications/Xcode.app/Contents/Developer/Toolchains/XcodeDefault.xctoolchain/usr/lib/swift/iphoneos/prebuilt-modules/26.5/UniformTypeIdentifiers.swiftmodule/arm64e-apple-ios.swiftmodule /Applications/Xcode.app/Contents/Developer/Toolchains/XcodeDefault.xctoolchain/usr/lib/swift/iphoneos/prebuilt-modules/26.5/Combine.swiftmodule/arm64e-apple-ios.swiftmodule /Applications/Xcode.app/Contents/Developer/Toolchains/XcodeDefault.xctoolchain/usr/lib/swift/iphoneos/prebuilt-modules/26.5/Metal.swiftmodule/arm64e-apple-ios.swiftmodule /Applications/Xcode.app/Contents/Developer/Toolchains/XcodeDefault.xctoolchain/usr/lib/swift/iphoneos/prebuilt-modules/26.5/LightweightCodeRequirements.swiftmodule/arm64e-apple-ios.swiftmodule /Applications/Xcode.app/Contents/Developer/Toolchains/XcodeDefault.xctoolchain/usr/lib/swift/iphoneos/prebuilt-modules/26.5/Swift.swiftmodule/arm64e-apple-ios.swiftmodule /Applications/Xcode.app/Contents/Developer/Toolchains/XcodeDefault.xctoolchain/usr/lib/swift/iphoneos/prebuilt-modules/26.5/Foundation.swiftmodule/arm64e-apple-ios.swiftmodule /Applications/Xcode.app/Contents/Developer/Toolchains/XcodeDefault.xctoolchain/usr/lib/swift/iphoneos/prebuilt-modules/26.5/Observation.swiftmodule/arm64e-apple-ios.swiftmodule /Applications/Xcode.app/Contents/Developer/Toolchains/XcodeDefault.xctoolchain/usr/lib/swift/iphoneos/prebuilt-modules/26.5/PhotosUI.swiftmodule/arm64e-apple-ios.swiftmodule /Applications/Xcode.app/Contents/Developer/Toolchains/XcodeDefault.xctoolchain/usr/lib/swift/iphoneos/prebuilt-modules/26.5/Symbols.swiftmodule/arm64e-apple-ios.swiftmodule /Applications/Xcode.app/Contents/Developer/Toolchains/XcodeDefault.xctoolchain/usr/lib/swift/iphoneos/prebuilt-modules/26.5/_Concurrency.swiftmodule/arm64e-apple-ios.swiftmodule /Applications/Xcode.app/Contents/Developer/Toolchains/XcodeDefault.xctoolchain/usr/lib/swift/iphoneos/prebuilt-modules/26.5/Distributed.swiftmodule/arm64e-apple-ios.swiftmodule /Applications/Xcode.app/Contents/Developer/Toolchains/XcodeDefault.xctoolchain/usr/lib/swift/iphoneos/prebuilt-modules/26.5/ExtensionFoundation.swiftmodule/arm64e-apple-ios.swiftmodule /Applications/Xcode.app/Contents/Developer/Toolchains/XcodeDefault.xctoolchain/usr/lib/swift/iphoneos/prebuilt-modules/26.5/Network.swiftmodule/arm64e-apple-ios.swiftmodule /Applications/Xcode.app/Contents/Developer/Toolchains/XcodeDefault.xctoolchain/usr/lib/swift/iphoneos/prebuilt-modules/26.5/AudioToolbox.swiftmodule/arm64e-apple-ios.swiftmodule /Applications/Xcode.app/Contents/Developer/Toolchains/XcodeDefault.xctoolchain/usr/lib/swift/iphoneos/prebuilt-modules/26.5/_PhotosUI_SwiftUI.swiftmodule/arm64e-apple-ios.swiftmodule /Applications/Xcode.app/Contents/Developer/Toolchains/XcodeDefault.xctoolchain/usr/lib/swift/iphoneos/prebuilt-modules/26.5/Synchronization.swiftmodule/arm64e-apple-ios.swiftmodule /Applications/Xcode.app/Contents/Developer/Toolchains/XcodeDefault.xctoolchain/usr/lib/swift/iphoneos/prebuilt-modules/26.5/CoreLocation.swiftmodule/arm64e-apple-ios.swiftmodule /Applications/Xcode.app/Contents/Developer/Toolchains/XcodeDefault.xctoolchain/usr/lib/swift/iphoneos/prebuilt-modules/26.5/CoreTransferable.swiftmodule/arm64e-apple-ios.swiftmodule /Applications/Xcode.app/Contents/Developer/Toolchains/XcodeDefault.xctoolchain/usr/lib/swift/iphoneos/prebuilt-modules/26.5/Darwin.swiftmodule/arm64e-apple-ios.swiftmodule /Applications/Xcode.app/Contents/Developer/Toolchains/XcodeDefault.xctoolchain/usr/lib/swift/iphoneos/prebuilt-modules/26.5/CoreMedia.swiftmodule/arm64e-apple-ios.swiftmodule /Applications/Xcode.app/Contents/Developer/Toolchains/XcodeDefault.xctoolchain/usr/lib/swift/iphoneos/prebuilt-modules/26.5/CoreText.swiftmodule/arm64e-apple-ios.swiftmodule /Applications/Xcode.app/Contents/Developer/Toolchains/XcodeDefault.xctoolchain/usr/lib/swift/iphoneos/prebuilt-modules/26.5/_DarwinFoundation3.swiftmodule/arm64e-apple-ios.swiftmodule /Applications/Xcode.app/Contents/Developer/Toolchains/XcodeDefault.xctoolchain/usr/lib/swift/iphoneos/prebuilt-modules/26.5/_StringProcessing.swiftmodule/arm64e-apple-ios.swiftmodule /Applications/Xcode.app/Contents/Developer/Toolchains/XcodeDefault.xctoolchain/usr/lib/swift/iphoneos/prebuilt-modules/26.5/CoreGraphics.swiftmodule/arm64e-apple-ios.swiftmodule /Applications/Xcode.app/Contents/Developer/Toolchains/XcodeDefault.xctoolchain/usr/lib/swift/iphoneos/prebuilt-modules/26.5/CoreData.swiftmodule/arm64e-apple-ios.swiftmodule /Applications/Xcode.app/Contents/Developer/Toolchains/XcodeDefault.xctoolchain/usr/lib/swift/iphoneos/prebuilt-modules/26.5/XPC.swiftmodule/arm64e-apple-ios.swiftmodule /Applications/Xcode.app/Contents/Developer/Toolchains/XcodeDefault.xctoolchain/usr/lib/swift/iphoneos/prebuilt-modules/26.5/OSLog.swiftmodule/arm64e-apple-ios.swiftmodule /Applications/Xcode.app/Contents/Developer/Toolchains/XcodeDefault.xctoolchain/usr/lib/swift/iphoneos/prebuilt-modules/26.5/_Builtin_float.swiftmodule/arm64e-apple-ios.swiftmodule /Users/hanmingyu/Library/Developer/Xcode/DerivedData/ModuleCache.noindex/UIUtilities-3EBX0RJUM2BFVZ5463FSROBNA.pcm /Users/hanmingyu/Library/Developer/Xcode/DerivedData/ModuleCache.noindex/_Builtin_stdatomic-8ASMRDG1BYKKKCJLJZT8WTYTG.pcm /Users/hanmingyu/Library/Developer/Xcode/DerivedData/ModuleCache.noindex/MediaToolbox-CRNHBBLZ6EOWMQ31L51FYAB71.pcm /Users/hanmingyu/Library/Developer/Xcode/DerivedData/ModuleCache.noindex/Security-EIADJZU1CAGPCLUIW56NI8YLX.pcm /Users/hanmingyu/Library/Developer/Xcode/DerivedData/ModuleCache.noindex/ExtensionFoundation-60W7C9QO8X25JMYFD2W2ZJD78.pcm /Users/hanmingyu/Library/Developer/Xcode/DerivedData/ModuleCache.noindex/CoreImage-27SBMEGXIGROSS93T9EWFMPUT.pcm /Users/hanmingyu/Library/Developer/Xcode/DerivedData/ModuleCache.noindex/OSLog-EZN1JB9Q0AFY88JWPXTXGEEPN.pcm /Users/hanmingyu/Library/Developer/Xcode/DerivedData/ModuleCache.noindex/QuartzCore-4GNVVUJS2LCGCPKU9P2QN4K0N.pcm /Users/hanmingyu/Library/Developer/Xcode/DerivedData/ModuleCache.noindex/dnssd-5JIQ1FNST5FSA33YTUH8SK9O6.pcm /Users/hanmingyu/Library/Developer/Xcode/DerivedData/ModuleCache.noindex/Photos-130IZQ0J4RJD80F5NW6HIE07X.pcm /Users/hanmingyu/Library/Developer/Xcode/DerivedData/ModuleCache.noindex/Spatial-8W4PV7X7NNVQA3N1FC4C1RQ5B.pcm /Users/hanmingyu/Library/Developer/Xcode/DerivedData/ModuleCache.noindex/DeveloperToolsSupport-AQHHCF7BXK64NOSD7J19371BL.pcm /Users/hanmingyu/Library/Developer/Xcode/DerivedData/ModuleCache.noindex/ImageIO-B0IAF4C0JLCIBTXN9KK6WNOMF.pcm /Users/hanmingyu/Library/Developer/Xcode/DerivedData/ModuleCache.noindex/_AvailabilityInternal-C2VOXCTR8EI248EI50MDB3NJV.pcm /Users/hanmingyu/Library/Developer/Xcode/DerivedData/ModuleCache.noindex/FileProvider-F2M1P6XW50IPHFPNIDPT7S5IY.pcm /Users/hanmingyu/Library/Developer/Xcode/DerivedData/ModuleCache.noindex/AVFoundation-B0SDDS0EHE2L6ECM698BSV588.pcm /Users/hanmingyu/Library/Developer/Xcode/DerivedData/ModuleCache.noindex/Network-CYL2DMTGJE116GOSWSLS9R06E.pcm /Users/hanmingyu/Library/Developer/Xcode/DerivedData/ModuleCache.noindex/CoreAudioTypes-815XM5QZTVAJH5DN8MJ6Z2CDE.pcm /Users/hanmingyu/Library/Developer/Xcode/DerivedData/ModuleCache.noindex/CoreMIDI-2AMIJ5V656VUNOOB4ZUBL1CZL.pcm /Users/hanmingyu/Library/Developer/Xcode/DerivedData/ModuleCache.noindex/CoreGraphics-3SLW6ISILSNU23FDVWFKMWHX.pcm /Users/hanmingyu/Library/Developer/Xcode/DerivedData/ModuleCache.noindex/_Builtin_stdbool-4ZWJ9JZVMPCJ7JQG9424MTLPS.pcm /Users/hanmingyu/Library/Developer/Xcode/DerivedData/ModuleCache.noindex/CoreFoundation-8RZBDOKGZ0CIENVWJEMMCA81S.pcm /Users/hanmingyu/Library/Developer/Xcode/DerivedData/ModuleCache.noindex/Symbols-4FKDCX1EIBGXDDT5Y5CMS9W2S.pcm /Users/hanmingyu/Library/Developer/Xcode/DerivedData/ModuleCache.noindex/_Builtin_stddef-1B3XT5W167CUTYRDJ9NXFH7EW.pcm /Users/hanmingyu/Library/Developer/Xcode/DerivedData/ModuleCache.noindex/_Builtin_inttypes-9DY7QMML84K3IWGSSSJRE8CAC.pcm /Users/hanmingyu/Library/Developer/Xcode/DerivedData/ModuleCache.noindex/_DarwinFoundation2-BX74XQYQU8YIKU5WNOY6NGP8D.pcm /Users/hanmingyu/Library/Developer/Xcode/DerivedData/ModuleCache.noindex/Accessibility-3B12TU92HD2FW2EFAQH6JNBQ4.pcm /Users/hanmingyu/Library/Developer/Xcode/DerivedData/ModuleCache.noindex/MachO-E4OBH6ECKTLDRI2V9UHSUOD7H.pcm /Users/hanmingyu/Library/Developer/Xcode/DerivedData/ModuleCache.noindex/UserNotifications-BYSFJQNSTDAD6X0T03XD1L3BY.pcm /Users/hanmingyu/Library/Developer/Xcode/DerivedData/ModuleCache.noindex/_Builtin_stdint-ADDEIIXSD96EPX34KYLKMZDYA.pcm /Users/hanmingyu/Library/Developer/Xcode/DerivedData/ModuleCache.noindex/CoreText-9F2MA1SXVT327EP5T8QXDC3RN.pcm /Users/hanmingyu/Library/Developer/Xcode/DerivedData/ModuleCache.noindex/ObjectiveC-AX0DHHO0LBU6PCTIO66WL0ZWH.pcm /Users/hanmingyu/Library/Developer/Xcode/DerivedData/ModuleCache.noindex/Dispatch-4G0WQTK075KAFZDEUD3DTG4HK.pcm /Users/hanmingyu/Library/Developer/Xcode/DerivedData/ModuleCache.noindex/CFNetwork-5POAR85HXTFBTD8SCKYP9ZMJZ.pcm /Users/hanmingyu/Library/Developer/Xcode/DerivedData/ModuleCache.noindex/SwiftUI-2T6ZZOVTVXBXBUQ0HLT65U87S.pcm /Users/hanmingyu/Library/Developer/Xcode/DerivedData/ModuleCache.noindex/AVFAudio-ENP8I1VJ1UCLJ1UP7GSC67UND.pcm /Users/hanmingyu/Library/Developer/Xcode/DerivedData/ModuleCache.noindex/CoreMedia-EGFFF17B1JQ7SMIWA7UAQ733G.pcm /Users/hanmingyu/Library/Developer/Xcode/DerivedData/ModuleCache.noindex/Darwin-CLRIIK7664S1BV8W7YNEK6OA6.pcm /Users/hanmingyu/Library/Developer/Xcode/DerivedData/ModuleCache.noindex/SwiftUICore-CEKW7SPG146GLQMFL451F6BCM.pcm /Users/hanmingyu/Library/Developer/Xcode/DerivedData/ModuleCache.noindex/AVRouting-8QPMN1LRB8HRCPGKTUQK6420F.pcm /Users/hanmingyu/Library/Developer/Xcode/DerivedData/ModuleCache.noindex/SwiftShims-22KZ5VQYP2WPQP6HWTYRC1RHV.pcm /Users/hanmingyu/Library/Developer/Xcode/DerivedData/ModuleCache.noindex/CoreLocation-ELBA828KMEASB9EEKTXBTIE2F.pcm /Users/hanmingyu/Library/Developer/Xcode/DerivedData/ModuleCache.noindex/_Builtin_float-DYHC11J4TK4Q42HOOFV6NUD63.pcm /Users/hanmingyu/Library/Developer/Xcode/DerivedData/ModuleCache.noindex/DataDetection-8O9JD7OYN6BGQ0B47FA0VKJ3W.pcm /Users/hanmingyu/Library/Developer/Xcode/DerivedData/ModuleCache.noindex/UIKit-2Q7DOI2DECJI8B87ONFEBTPTJ.pcm /Users/hanmingyu/Library/Developer/Xcode/DerivedData/ModuleCache.noindex/OpenGLES-6X9YQJCO45IULBWHAG0ERALRW.pcm /Users/hanmingyu/Library/Developer/Xcode/DerivedData/ModuleCache.noindex/PhotosUI-2AJSO0O0RP3V5BP5RVC9ANAT0.pcm /Users/hanmingyu/Library/Developer/Xcode/DerivedData/ModuleCache.noindex/Foundation-3MZMSL4BVGEY1I54KXSELYIUX.pcm /Users/hanmingyu/Library/Developer/Xcode/DerivedData/ModuleCache.noindex/_Builtin_tgmath-D1BJQ64712897JORB8RBMY3OF.pcm /Users/hanmingyu/Library/Developer/Xcode/DerivedData/ModuleCache.noindex/CoreAudio-9U7ANATDQ5FKBYOHK8FB1QML7.pcm /Users/hanmingyu/Library/Developer/Xcode/DerivedData/ModuleCache.noindex/os_workgroup-AOAA0IR1G0SETM0PD4TE6KLCD.pcm /Users/hanmingyu/Library/Developer/Xcode/DerivedData/ModuleCache.noindex/_LocationEssentials-DVU60E476SB17AH2C31MJVPSF.pcm /Users/hanmingyu/Library/Developer/Xcode/DerivedData/ModuleCache.noindex/_Builtin_intrinsics-6FDLJF3ML630OSD0NHCQIY3GO.pcm /Users/hanmingyu/Library/Developer/Xcode/DerivedData/ModuleCache.noindex/sys_types-BNB8DNBACO61IY9C1AWT2PRY8.pcm /Users/hanmingyu/Library/Developer/Xcode/DerivedData/ModuleCache.noindex/_Builtin_limits-AFUNSFJG8LFARI7VOLC4WYOF7.pcm /Users/hanmingyu/Library/Developer/Xcode/DerivedData/ModuleCache.noindex/CoreTransferable-AZC08OIA0D90ILHLMXL43B8IM.pcm /Users/hanmingyu/Library/Developer/Xcode/DerivedData/ModuleCache.noindex/XPC-8CQ9KAXUX1O6E3YG2NAKFYRZU.pcm /Users/hanmingyu/Library/Developer/Xcode/DerivedData/ModuleCache.noindex/AudioToolbox-CQVMA397WQKFYP3GRY7CBGBUK.pcm /Users/hanmingyu/Library/Developer/Xcode/DerivedData/ModuleCache.noindex/_DarwinFoundation1-BDN06NSEU85HF02MVFA33P6DE.pcm /Users/hanmingyu/Library/Developer/Xcode/DerivedData/ModuleCache.noindex/os-DN5MQ1HUW4ML56L41PAOHAJJ.pcm /Users/hanmingyu/Library/Developer/Xcode/DerivedData/ModuleCache.noindex/CoreVideo-42RMMYKQI53COR0RS8EM7A5RN.pcm /Users/hanmingyu/Library/Developer/Xcode/DerivedData/ModuleCache.noindex/os_object-1F01NYC6L0SZG5U0EAMOBK2F2.pcm /Users/hanmingyu/Library/Developer/Xcode/DerivedData/ModuleCache.noindex/CoreData-D0XCK9JZYHEHLZ78W51WGSF9A.pcm /Users/hanmingyu/Library/Developer/Xcode/DerivedData/ModuleCache.noindex/_SwiftConcurrencyShims-EN72NMZMHEVQAGCYIOP97H8PV.pcm /Users/hanmingyu/Library/Developer/Xcode/DerivedData/ModuleCache.noindex/ptrcheck-78F9WJHQ3EXAPFCF8BJ4WSZ0B.pcm /Users/hanmingyu/Library/Developer/Xcode/DerivedData/ModuleCache.noindex/IOSurface-70XKLD32L0O8KX7B5DQVVYXF4.pcm /Users/hanmingyu/Library/Developer/Xcode/DerivedData/ModuleCache.noindex/simd-7CSA2J17A4UPIL66NLIXX76LZ.pcm /Users/hanmingyu/Library/Developer/Xcode/DerivedData/ModuleCache.noindex/ptrauth-6MJ7WSIDESN5RRC194U0EL5RS.pcm /Users/hanmingyu/Library/Developer/Xcode/DerivedData/ModuleCache.noindex/UniformTypeIdentifiers-F30JM9JYCFIU1UXWUVISE2N1N.pcm /Users/hanmingyu/Library/Developer/Xcode/DerivedData/ModuleCache.noindex/Metal-BS7PRWT1J2MZUABK2E818RTSY.pcm /Users/hanmingyu/Library/Developer/Xcode/DerivedData/ModuleCache.noindex/_DarwinFoundation3-1PIFFO5XY4FSK2XKOIFSODWZU.pcm /Users/hanmingyu/Library/Developer/Xcode/DerivedData/ModuleCache.noindex/_Builtin_stdarg-66K6AV61IK5MURO5BFNPDMNWN.pcm /Users/hanmingyu/Library/Developer/Xcode/DerivedData/拾贝-abtvuvydfcapvdevksoiyuicgolr/Build/Intermediates.noindex/拾贝.build/Release-iphoneos/拾贝.build/Objects-normal/arm64/Recallo-dependencies-1.json (in target '拾贝' from project '拾贝')
CompileSwift normal arm64 (in target '拾贝' from project '拾贝')
    cd /Users/hanmingyu/Downloads/拾贝-prod-hardening/拾贝
    

SwiftDriver\ Compilation 拾贝 normal arm64 com.apple.xcode.tools.swift.compiler (in target '拾贝' from project '拾贝')
    cd /Users/hanmingyu/Downloads/拾贝-prod-hardening/拾贝
    builtin-Swift-Compilation -- /Applications/Xcode.app/Contents/Developer/Toolchains/XcodeDefault.xctoolchain/usr/bin/swiftc -module-name Recallo -O -whole-module-optimization @/Users/hanmingyu/Library/Developer/Xcode/DerivedData/拾贝-abtvuvydfcapvdevksoiyuicgolr/Build/Intermediates.noindex/拾贝.build/Release-iphoneos/拾贝.build/Objects-normal/arm64/Recallo.SwiftFileList -enable-bare-slash-regex -enable-experimental-feature DebugDescriptionMacro -sdk /Applications/Xcode.app/Contents/Developer/Platforms/iPhoneOS.platform/Developer/SDKs/iPhoneOS26.5.sdk -target arm64-apple-ios26.0 -g -module-cache-path /Users/hanmingyu/Library/Developer/Xcode/DerivedData/ModuleCache.noindex -Xfrontend -serialize-debugging-options -profile-coverage-mapping -profile-generate -swift-version 5 -I /Users/hanmingyu/Library/Developer/Xcode/DerivedData/拾贝-abtvuvydfcapvdevksoiyuicgolr/Build/Products/Release-iphoneos -F /Users/hanmingyu/Library/Developer/Xcode/DerivedData/拾贝-abtvuvydfcapvdevksoiyuicgolr/Build/Products/Release-iphoneos -emit-localized-strings -emit-localized-strings-path /Users/hanmingyu/Library/Developer/Xcode/DerivedData/拾贝-abtvuvydfcapvdevksoiyuicgolr/Build/Intermediates.noindex/拾贝.build/Release-iphoneos/拾贝.build/Objects-normal/arm64 -c -num-threads 8 -Xcc -ivfsstatcache -Xcc /Users/hanmingyu/Library/Developer/Xcode/DerivedData/SDKStatCaches.noindex/iphoneos26.5-23F81a-32daed1954a7d5dd0789fcaf2a9bb78b.sdkstatcache -output-file-map /Users/hanmingyu/Library/Developer/Xcode/DerivedData/拾贝-abtvuvydfcapvdevksoiyuicgolr/Build/Intermediates.noindex/拾贝.build/Release-iphoneos/拾贝.build/Objects-normal/arm64/拾贝-OutputFileMap.json -use-frontend-parseable-output -save-temps -no-color-diagnostics -explicit-module-build -module-cache-path /Users/hanmingyu/Library/Developer/Xcode/DerivedData/拾贝-abtvuvydfcapvdevksoiyuicgolr/Build/Intermediates.noindex/SwiftExplicitPrecompiledModules -clang-scanner-module-cache-path /Users/hanmingyu/Library/Developer/Xcode/DerivedData/ModuleCache.noindex -sdk-module-cache-path /Users/hanmingyu/Library/Developer/Xcode/DerivedData/ModuleCache.noindex -serialize-diagnostics -emit-dependencies -emit-module -emit-module-path /Users/hanmingyu/Library/Developer/Xcode/DerivedData/拾贝-abtvuvydfcapvdevksoiyuicgolr/Build/Intermediates.noindex/拾贝.build/Release-iphoneos/拾贝.build/Objects-normal/arm64/Recallo.swiftmodule -validate-clang-modules-once -clang-build-session-file /Users/hanmingyu/Library/Developer/Xcode/DerivedData/ModuleCache.noindex/Session.modulevalidation -Xcc -I/Users/hanmingyu/Library/Developer/Xcode/DerivedData/拾贝-abtvuvydfcapvdevksoiyuicgolr/Build/Intermediates.noindex/拾贝.build/Release-iphoneos/拾贝.build/swift-overrides.hmap -emit-const-values -Xfrontend -const-gather-protocols-file -Xfrontend /Users/hanmingyu/Library/Developer/Xcode/DerivedData/拾贝-abtvuvydfcapvdevksoiyuicgolr/Build/Intermediates.noindex/拾贝.build/Release-iphoneos/拾贝.build/Objects-normal/arm64/拾贝_const_extract_protocols.json -Xcc -iquote -Xcc /Users/hanmingyu/Library/Developer/Xcode/DerivedData/拾贝-abtvuvydfcapvdevksoiyuicgolr/Build/Intermediates.noindex/拾贝.build/Release-iphoneos/拾贝.build/Recallo-generated-files.hmap -Xcc -I/Users/hanmingyu/Library/Developer/Xcode/DerivedData/拾贝-abtvuvydfcapvdevksoiyuicgolr/Build/Intermediates.noindex/拾贝.build/Release-iphoneos/拾贝.build/Recallo-own-target-headers.hmap -Xcc -I/Users/hanmingyu/Library/Developer/Xcode/DerivedData/拾贝-abtvuvydfcapvdevksoiyuicgolr/Build/Intermediates.noindex/拾贝.build/Release-iphoneos/拾贝.build/Recallo-all-target-headers.hmap -Xcc -iquote -Xcc /Users/hanmingyu/Library/Developer/Xcode/DerivedData/拾贝-abtvuvydfcapvdevksoiyuicgolr/Build/Intermediates.noindex/拾贝.build/Release-iphoneos/拾贝.build/Recallo-project-headers.hmap -Xcc -I/Users/hanmingyu/Library/Developer/Xcode/DerivedData/拾贝-abtvuvydfcapvdevksoiyuicgolr/Build/Products/Release-iphoneos/include -Xcc -I/Users/hanmingyu/Library/Developer/Xcode/DerivedData/拾贝-abtvuvydfcapvdevksoiyuicgolr/Build/Intermediates.noindex/拾贝.build/Release-iphoneos/拾贝.build/DerivedSources-normal/arm64 -Xcc -I/Users/hanmingyu/Library/Developer/Xcode/DerivedData/拾贝-abtvuvydfcapvdevksoiyuicgolr/Build/Intermediates.noindex/拾贝.build/Release-iphoneos/拾贝.build/DerivedSources/arm64 -Xcc -I/Users/hanmingyu/Library/Developer/Xcode/DerivedData/拾贝-abtvuvydfcapvdevksoiyuicgolr/Build/Intermediates.noindex/拾贝.build/Release-iphoneos/拾贝.build/DerivedSources -emit-objc-header -emit-objc-header-path /Users/hanmingyu/Library/Developer/Xcode/DerivedData/拾贝-abtvuvydfcapvdevksoiyuicgolr/Build/Intermediates.noindex/拾贝.build/Release-iphoneos/拾贝.build/Objects-normal/arm64/Recallo-Swift.h -working-directory /Users/hanmingyu/Downloads/拾贝-prod-hardening/拾贝 -no-emit-module-separately-wmo

LinkAssetCatalog /Users/hanmingyu/Downloads/拾贝-prod-hardening/拾贝/拾贝/Assets.xcassets (in target '拾贝' from project '拾贝')
    cd /Users/hanmingyu/Downloads/拾贝-prod-hardening/拾贝
    builtin-linkAssetCatalog --thinned /Users/hanmingyu/Library/Developer/Xcode/DerivedData/拾贝-abtvuvydfcapvdevksoiyuicgolr/Build/Intermediates.noindex/拾贝.build/Release-iphoneos/拾贝.build/assetcatalog_output/thinned --thinned-dependencies /Users/hanmingyu/Library/Developer/Xcode/DerivedData/拾贝-abtvuvydfcapvdevksoiyuicgolr/Build/Intermediates.noindex/拾贝.build/Release-iphoneos/拾贝.build/assetcatalog_dependencies_thinned --thinned-info-plist-content /Users/hanmingyu/Library/Developer/Xcode/DerivedData/拾贝-abtvuvydfcapvdevksoiyuicgolr/Build/Intermediates.noindex/拾贝.build/Release-iphoneos/拾贝.build/assetcatalog_generated_info.plist_thinned --unthinned /Users/hanmingyu/Library/Developer/Xcode/DerivedData/拾贝-abtvuvydfcapvdevksoiyuicgolr/Build/Intermediates.noindex/拾贝.build/Release-iphoneos/拾贝.build/assetcatalog_output/unthinned --unthinned-dependencies /Users/hanmingyu/Library/Developer/Xcode/DerivedData/拾贝-abtvuvydfcapvdevksoiyuicgolr/Build/Intermediates.noindex/拾贝.build/Release-iphoneos/拾贝.build/assetcatalog_dependencies_unthinned --unthinned-info-plist-content /Users/hanmingyu/Library/Developer/Xcode/DerivedData/拾贝-abtvuvydfcapvdevksoiyuicgolr/Build/Intermediates.noindex/拾贝.build/Release-iphoneos/拾贝.build/assetcatalog_generated_info.plist_unthinned --output /Users/hanmingyu/Library/Developer/Xcode/DerivedData/拾贝-abtvuvydfcapvdevksoiyuicgolr/Build/Products/Release-iphoneos/Recallo.app --plist-output /Users/hanmingyu/Library/Developer/Xcode/DerivedData/拾贝-abtvuvydfcapvdevksoiyuicgolr/Build/Intermediates.noindex/拾贝.build/Release-iphoneos/拾贝.build/assetcatalog_generated_info.plist
note: Emplaced /Users/hanmingyu/Library/Developer/Xcode/DerivedData/拾贝-abtvuvydfcapvdevksoiyuicgolr/Build/Products/Release-iphoneos/Recallo.app/AppIcon76x76@2x~ipad.png (in target '拾贝' from project '拾贝')
note: Emplaced /Users/hanmingyu/Library/Developer/Xcode/DerivedData/拾贝-abtvuvydfcapvdevksoiyuicgolr/Build/Products/Release-iphoneos/Recallo.app/AppIcon60x60@2x.png (in target '拾贝' from project '拾贝')
note: Emplaced /Users/hanmingyu/Library/Developer/Xcode/DerivedData/拾贝-abtvuvydfcapvdevksoiyuicgolr/Build/Products/Release-iphoneos/Recallo.app/Assets.car (in target '拾贝' from project '拾贝')

ProcessInfoPlistFile /Users/hanmingyu/Library/Developer/Xcode/DerivedData/拾贝-abtvuvydfcapvdevksoiyuicgolr/Build/Products/Release-iphoneos/Recallo.app/Info.plist /Users/hanmingyu/Library/Developer/Xcode/DerivedData/拾贝-abtvuvydfcapvdevksoiyuicgolr/Build/Intermediates.noindex/拾贝.build/Release-iphoneos/拾贝.build/empty-Recallo.plist (in target '拾贝' from project '拾贝')
    cd /Users/hanmingyu/Downloads/拾贝-prod-hardening/拾贝
    builtin-infoPlistUtility /Users/hanmingyu/Library/Developer/Xcode/DerivedData/拾贝-abtvuvydfcapvdevksoiyuicgolr/Build/Intermediates.noindex/拾贝.build/Release-iphoneos/拾贝.build/empty-Recallo.plist -producttype com.apple.product-type.application -genpkginfo /Users/hanmingyu/Library/Developer/Xcode/DerivedData/拾贝-abtvuvydfcapvdevksoiyuicgolr/Build/Products/Release-iphoneos/Recallo.app/PkgInfo -expandbuildsettings -format binary -platform iphoneos -additionalcontentfile /Users/hanmingyu/Library/Developer/Xcode/DerivedData/拾贝-abtvuvydfcapvdevksoiyuicgolr/Build/Intermediates.noindex/拾贝.build/Release-iphoneos/拾贝.build/assetcatalog_generated_info.plist -requiredArchitecture arm64 -o /Users/hanmingyu/Library/Developer/Xcode/DerivedData/拾贝-abtvuvydfcapvdevksoiyuicgolr/Build/Products/Release-iphoneos/Recallo.app/Info.plist

SwiftDriverJobDiscovery normal arm64 Compiling DesignSystem.swift, ChapterInput.swift, ShiBeiModels.swift, APIClient.swift, DeviceIdentityStore.swift, LocalAPIChapterService.swift, LocalAPINotificationService.swift, LocalAPIReviewService.swift, MockServices.swift, PushNotificationService.swift, ServiceProtocols.swift, V2BaseCardComponents.swift, V2ChapterCards.swift, V2DiscoverCards.swift, V2NotesCards.swift, V2ProfileCards.swift, V2QuestionComponents.swift, V2UnitOverviewComponents.swift, V2GenerationCards.swift, V2NotificationComponents.swift, V2AIProcessingConsentSheet.swift, V2BottomNavigationBar.swift, V2CircleIconButton.swift, V2CurrentChapterBanner.swift, V2FlowComponents.swift, V2LearningPathNodeView.swift, V2NodePopover.swift, V2SplashView.swift, V2DesignSystem.swift, V2DemoContentProvider.swift, V2HomeFixture.swift, V2ReviewFixture.swift, V2BackendModels.swift, V2GenerationState.swift, V2HomeModels.swift, V2ReviewFlowModels.swift, V2RouteStore.swift, V2HomeView.swift, V2ReviewFlowScreens.swift, V2TabScreens.swift, V2RootView.swift, ChapterViews.swift, HomeViews.swift, ReviewViews.swift, RootView.swift, SettingsViews.swift, __App.swift, ContentView.swift, Localization.swift, GeneratedAssetSymbols.swift (in target '拾贝' from project '拾贝')

SwiftDriver\ Compilation\ Requirements 拾贝 normal arm64 com.apple.xcode.tools.swift.compiler (in target '拾贝' from project '拾贝')
    cd /Users/hanmingyu/Downloads/拾贝-prod-hardening/拾贝
    builtin-Swift-Compilation-Requirements -- /Applications/Xcode.app/Contents/Developer/Toolchains/XcodeDefault.xctoolchain/usr/bin/swiftc -module-name Recallo -O -whole-module-optimization @/Users/hanmingyu/Library/Developer/Xcode/DerivedData/拾贝-abtvuvydfcapvdevksoiyuicgolr/Build/Intermediates.noindex/拾贝.build/Release-iphoneos/拾贝.build/Objects-normal/arm64/Recallo.SwiftFileList -enable-bare-slash-regex -enable-experimental-feature DebugDescriptionMacro -sdk /Applications/Xcode.app/Contents/Developer/Platforms/iPhoneOS.platform/Developer/SDKs/iPhoneOS26.5.sdk -target arm64-apple-ios26.0 -g -module-cache-path /Users/hanmingyu/Library/Developer/Xcode/DerivedData/ModuleCache.noindex -Xfrontend -serialize-debugging-options -profile-coverage-mapping -profile-generate -swift-version 5 -I /Users/hanmingyu/Library/Developer/Xcode/DerivedData/拾贝-abtvuvydfcapvdevksoiyuicgolr/Build/Products/Release-iphoneos -F /Users/hanmingyu/Library/Developer/Xcode/DerivedData/拾贝-abtvuvydfcapvdevksoiyuicgolr/Build/Products/Release-iphoneos -emit-localized-strings -emit-localized-strings-path /Users/hanmingyu/Library/Developer/Xcode/DerivedData/拾贝-abtvuvydfcapvdevksoiyuicgolr/Build/Intermediates.noindex/拾贝.build/Release-iphoneos/拾贝.build/Objects-normal/arm64 -c -num-threads 8 -Xcc -ivfsstatcache -Xcc /Users/hanmingyu/Library/Developer/Xcode/DerivedData/SDKStatCaches.noindex/iphoneos26.5-23F81a-32daed1954a7d5dd0789fcaf2a9bb78b.sdkstatcache -output-file-map /Users/hanmingyu/Library/Developer/Xcode/DerivedData/拾贝-abtvuvydfcapvdevksoiyuicgolr/Build/Intermediates.noindex/拾贝.build/Release-iphoneos/拾贝.build/Objects-normal/arm64/拾贝-OutputFileMap.json -use-frontend-parseable-output -save-temps -no-color-diagnostics -explicit-module-build -module-cache-path /Users/hanmingyu/Library/Developer/Xcode/DerivedData/拾贝-abtvuvydfcapvdevksoiyuicgolr/Build/Intermediates.noindex/SwiftExplicitPrecompiledModules -clang-scanner-module-cache-path /Users/hanmingyu/Library/Developer/Xcode/DerivedData/ModuleCache.noindex -sdk-module-cache-path /Users/hanmingyu/Library/Developer/Xcode/DerivedData/ModuleCache.noindex -serialize-diagnostics -emit-dependencies -emit-module -emit-module-path /Users/hanmingyu/Library/Developer/Xcode/DerivedData/拾贝-abtvuvydfcapvdevksoiyuicgolr/Build/Intermediates.noindex/拾贝.build/Release-iphoneos/拾贝.build/Objects-normal/arm64/Recallo.swiftmodule -validate-clang-modules-once -clang-build-session-file /Users/hanmingyu/Library/Developer/Xcode/DerivedData/ModuleCache.noindex/Session.modulevalidation -Xcc -I/Users/hanmingyu/Library/Developer/Xcode/DerivedData/拾贝-abtvuvydfcapvdevksoiyuicgolr/Build/Intermediates.noindex/拾贝.build/Release-iphoneos/拾贝.build/swift-overrides.hmap -emit-const-values -Xfrontend -const-gather-protocols-file -Xfrontend /Users/hanmingyu/Library/Developer/Xcode/DerivedData/拾贝-abtvuvydfcapvdevksoiyuicgolr/Build/Intermediates.noindex/拾贝.build/Release-iphoneos/拾贝.build/Objects-normal/arm64/拾贝_const_extract_protocols.json -Xcc -iquote -Xcc /Users/hanmingyu/Library/Developer/Xcode/DerivedData/拾贝-abtvuvydfcapvdevksoiyuicgolr/Build/Intermediates.noindex/拾贝.build/Release-iphoneos/拾贝.build/Recallo-generated-files.hmap -Xcc -I/Users/hanmingyu/Library/Developer/Xcode/DerivedData/拾贝-abtvuvydfcapvdevksoiyuicgolr/Build/Intermediates.noindex/拾贝.build/Release-iphoneos/拾贝.build/Recallo-own-target-headers.hmap -Xcc -I/Users/hanmingyu/Library/Developer/Xcode/DerivedData/拾贝-abtvuvydfcapvdevksoiyuicgolr/Build/Intermediates.noindex/拾贝.build/Release-iphoneos/拾贝.build/Recallo-all-target-headers.hmap -Xcc -iquote -Xcc /Users/hanmingyu/Library/Developer/Xcode/DerivedData/拾贝-abtvuvydfcapvdevksoiyuicgolr/Build/Intermediates.noindex/拾贝.build/Release-iphoneos/拾贝.build/Recallo-project-headers.hmap -Xcc -I/Users/hanmingyu/Library/Developer/Xcode/DerivedData/拾贝-abtvuvydfcapvdevksoiyuicgolr/Build/Products/Release-iphoneos/include -Xcc -I/Users/hanmingyu/Library/Developer/Xcode/DerivedData/拾贝-abtvuvydfcapvdevksoiyuicgolr/Build/Intermediates.noindex/拾贝.build/Release-iphoneos/拾贝.build/DerivedSources-normal/arm64 -Xcc -I/Users/hanmingyu/Library/Developer/Xcode/DerivedData/拾贝-abtvuvydfcapvdevksoiyuicgolr/Build/Intermediates.noindex/拾贝.build/Release-iphoneos/拾贝.build/DerivedSources/arm64 -Xcc -I/Users/hanmingyu/Library/Developer/Xcode/DerivedData/拾贝-abtvuvydfcapvdevksoiyuicgolr/Build/Intermediates.noindex/拾贝.build/Release-iphoneos/拾贝.build/DerivedSources -emit-objc-header -emit-objc-header-path /Users/hanmingyu/Library/Developer/Xcode/DerivedData/拾贝-abtvuvydfcapvdevksoiyuicgolr/Build/Intermediates.noindex/拾贝.build/Release-iphoneos/拾贝.build/Objects-normal/arm64/Recallo-Swift.h -working-directory /Users/hanmingyu/Downloads/拾贝-prod-hardening/拾贝 -no-emit-module-separately-wmo

SwiftMergeGeneratedHeaders /Users/hanmingyu/Library/Developer/Xcode/DerivedData/拾贝-abtvuvydfcapvdevksoiyuicgolr/Build/Intermediates.noindex/拾贝.build/Release-iphoneos/拾贝.build/DerivedSources/Recallo-Swift.h /Users/hanmingyu/Library/Developer/Xcode/DerivedData/拾贝-abtvuvydfcapvdevksoiyuicgolr/Build/Intermediates.noindex/拾贝.build/Release-iphoneos/拾贝.build/Objects-normal/arm64/Recallo-Swift.h (in target '拾贝' from project '拾贝')
    cd /Users/hanmingyu/Downloads/拾贝-prod-hardening/拾贝
    builtin-swiftHeaderTool -arch arm64 /Users/hanmingyu/Library/Developer/Xcode/DerivedData/拾贝-abtvuvydfcapvdevksoiyuicgolr/Build/Intermediates.noindex/拾贝.build/Release-iphoneos/拾贝.build/Objects-normal/arm64/Recallo-Swift.h -o /Users/hanmingyu/Library/Developer/Xcode/DerivedData/拾贝-abtvuvydfcapvdevksoiyuicgolr/Build/Intermediates.noindex/拾贝.build/Release-iphoneos/拾贝.build/DerivedSources/Recallo-Swift.h

Copy /Users/hanmingyu/Library/Developer/Xcode/DerivedData/拾贝-abtvuvydfcapvdevksoiyuicgolr/Build/Products/Release-iphoneos/Recallo.swiftmodule/arm64-apple-ios.swiftmodule /Users/hanmingyu/Library/Developer/Xcode/DerivedData/拾贝-abtvuvydfcapvdevksoiyuicgolr/Build/Intermediates.noindex/拾贝.build/Release-iphoneos/拾贝.build/Objects-normal/arm64/Recallo.swiftmodule (in target '拾贝' from project '拾贝')
    cd /Users/hanmingyu/Downloads/拾贝-prod-hardening/拾贝
    builtin-copy -exclude .DS_Store -exclude CVS -exclude .svn -exclude .git -exclude .hg -resolve-src-symlinks -rename /Users/hanmingyu/Library/Developer/Xcode/DerivedData/拾贝-abtvuvydfcapvdevksoiyuicgolr/Build/Intermediates.noindex/拾贝.build/Release-iphoneos/拾贝.build/Objects-normal/arm64/Recallo.swiftmodule /Users/hanmingyu/Library/Developer/Xcode/DerivedData/拾贝-abtvuvydfcapvdevksoiyuicgolr/Build/Products/Release-iphoneos/Recallo.swiftmodule/arm64-apple-ios.swiftmodule

Copy /Users/hanmingyu/Library/Developer/Xcode/DerivedData/拾贝-abtvuvydfcapvdevksoiyuicgolr/Build/Products/Release-iphoneos/Recallo.swiftmodule/arm64-apple-ios.swiftdoc /Users/hanmingyu/Library/Developer/Xcode/DerivedData/拾贝-abtvuvydfcapvdevksoiyuicgolr/Build/Intermediates.noindex/拾贝.build/Release-iphoneos/拾贝.build/Objects-normal/arm64/Recallo.swiftdoc (in target '拾贝' from project '拾贝')
    cd /Users/hanmingyu/Downloads/拾贝-prod-hardening/拾贝
    builtin-copy -exclude .DS_Store -exclude CVS -exclude .svn -exclude .git -exclude .hg -resolve-src-symlinks -rename /Users/hanmingyu/Library/Developer/Xcode/DerivedData/拾贝-abtvuvydfcapvdevksoiyuicgolr/Build/Intermediates.noindex/拾贝.build/Release-iphoneos/拾贝.build/Objects-normal/arm64/Recallo.swiftdoc /Users/hanmingyu/Library/Developer/Xcode/DerivedData/拾贝-abtvuvydfcapvdevksoiyuicgolr/Build/Products/Release-iphoneos/Recallo.swiftmodule/arm64-apple-ios.swiftdoc

Copy /Users/hanmingyu/Library/Developer/Xcode/DerivedData/拾贝-abtvuvydfcapvdevksoiyuicgolr/Build/Products/Release-iphoneos/Recallo.swiftmodule/arm64-apple-ios.abi.json /Users/hanmingyu/Library/Developer/Xcode/DerivedData/拾贝-abtvuvydfcapvdevksoiyuicgolr/Build/Intermediates.noindex/拾贝.build/Release-iphoneos/拾贝.build/Objects-normal/arm64/Recallo.abi.json (in target '拾贝' from project '拾贝')
    cd /Users/hanmingyu/Downloads/拾贝-prod-hardening/拾贝
    builtin-copy -exclude .DS_Store -exclude CVS -exclude .svn -exclude .git -exclude .hg -resolve-src-symlinks -rename /Users/hanmingyu/Library/Developer/Xcode/DerivedData/拾贝-abtvuvydfcapvdevksoiyuicgolr/Build/Intermediates.noindex/拾贝.build/Release-iphoneos/拾贝.build/Objects-normal/arm64/Recallo.abi.json /Users/hanmingyu/Library/Developer/Xcode/DerivedData/拾贝-abtvuvydfcapvdevksoiyuicgolr/Build/Products/Release-iphoneos/Recallo.swiftmodule/arm64-apple-ios.abi.json

Copy /Users/hanmingyu/Library/Developer/Xcode/DerivedData/拾贝-abtvuvydfcapvdevksoiyuicgolr/Build/Products/Release-iphoneos/Recallo.swiftmodule/Project/arm64-apple-ios.swiftsourceinfo /Users/hanmingyu/Library/Developer/Xcode/DerivedData/拾贝-abtvuvydfcapvdevksoiyuicgolr/Build/Intermediates.noindex/拾贝.build/Release-iphoneos/拾贝.build/Objects-normal/arm64/Recallo.swiftsourceinfo (in target '拾贝' from project '拾贝')
    cd /Users/hanmingyu/Downloads/拾贝-prod-hardening/拾贝
    builtin-copy -exclude .DS_Store -exclude CVS -exclude .svn -exclude .git -exclude .hg -resolve-src-symlinks -rename /Users/hanmingyu/Library/Developer/Xcode/DerivedData/拾贝-abtvuvydfcapvdevksoiyuicgolr/Build/Intermediates.noindex/拾贝.build/Release-iphoneos/拾贝.build/Objects-normal/arm64/Recallo.swiftsourceinfo /Users/hanmingyu/Library/Developer/Xcode/DerivedData/拾贝-abtvuvydfcapvdevksoiyuicgolr/Build/Products/Release-iphoneos/Recallo.swiftmodule/Project/arm64-apple-ios.swiftsourceinfo

Ld /Users/hanmingyu/Library/Developer/Xcode/DerivedData/拾贝-abtvuvydfcapvdevksoiyuicgolr/Build/Products/Release-iphoneos/Recallo.app/Recallo normal (in target '拾贝' from project '拾贝')
    cd /Users/hanmingyu/Downloads/拾贝-prod-hardening/拾贝
    /Applications/Xcode.app/Contents/Developer/Toolchains/XcodeDefault.xctoolchain/usr/bin/clang -Xlinker -reproducible -target arm64-apple-ios26.0 -isysroot /Applications/Xcode.app/Contents/Developer/Platforms/iPhoneOS.platform/Developer/SDKs/iPhoneOS26.5.sdk -Os -L/Users/hanmingyu/Library/Developer/Xcode/DerivedData/拾贝-abtvuvydfcapvdevksoiyuicgolr/Build/Intermediates.noindex/EagerLinkingTBDs/Release-iphoneos -L/Users/hanmingyu/Library/Developer/Xcode/DerivedData/拾贝-abtvuvydfcapvdevksoiyuicgolr/Build/Products/Release-iphoneos -F/Users/hanmingyu/Library/Developer/Xcode/DerivedData/拾贝-abtvuvydfcapvdevksoiyuicgolr/Build/Intermediates.noindex/EagerLinkingTBDs/Release-iphoneos -F/Users/hanmingyu/Library/Developer/Xcode/DerivedData/拾贝-abtvuvydfcapvdevksoiyuicgolr/Build/Products/Release-iphoneos -filelist /Users/hanmingyu/Library/Developer/Xcode/DerivedData/拾贝-abtvuvydfcapvdevksoiyuicgolr/Build/Intermediates.noindex/拾贝.build/Release-iphoneos/拾贝.build/Objects-normal/arm64/Recallo.LinkFileList -Xlinker -rpath -Xlinker @executable_path/Frameworks -Xlinker -dead_strip -Xlinker -object_path_lto -Xlinker /Users/hanmingyu/Library/Developer/Xcode/DerivedData/拾贝-abtvuvydfcapvdevksoiyuicgolr/Build/Intermediates.noindex/拾贝.build/Release-iphoneos/拾贝.build/Objects-normal/arm64/Recallo_lto.o -Xlinker -debug_variant -Xlinker -dependency_info -Xlinker /Users/hanmingyu/Library/Developer/Xcode/DerivedData/拾贝-abtvuvydfcapvdevksoiyuicgolr/Build/Intermediates.noindex/拾贝.build/Release-iphoneos/拾贝.build/Objects-normal/arm64/Recallo_dependency_info.dat -fobjc-link-runtime -fprofile-instr-generate -L/Applications/Xcode.app/Contents/Developer/Toolchains/XcodeDefault.xctoolchain/usr/lib/swift/iphoneos -L/usr/lib/swift -Xlinker -add_ast_path -Xlinker /Users/hanmingyu/Library/Developer/Xcode/DerivedData/拾贝-abtvuvydfcapvdevksoiyuicgolr/Build/Intermediates.noindex/拾贝.build/Release-iphoneos/拾贝.build/Objects-normal/arm64/Recallo.swiftmodule @/Users/hanmingyu/Library/Developer/Xcode/DerivedData/拾贝-abtvuvydfcapvdevksoiyuicgolr/Build/Intermediates.noindex/拾贝.build/Release-iphoneos/拾贝.build/Objects-normal/arm64/Recallo-linker-args.resp -o /Users/hanmingyu/Library/Developer/Xcode/DerivedData/拾贝-abtvuvydfcapvdevksoiyuicgolr/Build/Products/Release-iphoneos/Recallo.app/Recallo

GenerateDSYMFile /Users/hanmingyu/Library/Developer/Xcode/DerivedData/拾贝-abtvuvydfcapvdevksoiyuicgolr/Build/Products/Release-iphoneos/Recallo.app.dSYM /Users/hanmingyu/Library/Developer/Xcode/DerivedData/拾贝-abtvuvydfcapvdevksoiyuicgolr/Build/Products/Release-iphoneos/Recallo.app/Recallo (in target '拾贝' from project '拾贝')
    cd /Users/hanmingyu/Downloads/拾贝-prod-hardening/拾贝
    /Applications/Xcode.app/Contents/Developer/Toolchains/XcodeDefault.xctoolchain/usr/bin/dsymutil /Users/hanmingyu/Library/Developer/Xcode/DerivedData/拾贝-abtvuvydfcapvdevksoiyuicgolr/Build/Products/Release-iphoneos/Recallo.app/Recallo -o /Users/hanmingyu/Library/Developer/Xcode/DerivedData/拾贝-abtvuvydfcapvdevksoiyuicgolr/Build/Products/Release-iphoneos/Recallo.app.dSYM

CopySwiftLibs /Users/hanmingyu/Library/Developer/Xcode/DerivedData/拾贝-abtvuvydfcapvdevksoiyuicgolr/Build/Products/Release-iphoneos/Recallo.app (in target '拾贝' from project '拾贝')
    cd /Users/hanmingyu/Downloads/拾贝-prod-hardening/拾贝
    builtin-swiftStdLibTool --copy --verbose --scan-executable /Users/hanmingyu/Library/Developer/Xcode/DerivedData/拾贝-abtvuvydfcapvdevksoiyuicgolr/Build/Products/Release-iphoneos/Recallo.app/Recallo --scan-folder /Users/hanmingyu/Library/Developer/Xcode/DerivedData/拾贝-abtvuvydfcapvdevksoiyuicgolr/Build/Products/Release-iphoneos/Recallo.app/Frameworks --scan-folder /Users/hanmingyu/Library/Developer/Xcode/DerivedData/拾贝-abtvuvydfcapvdevksoiyuicgolr/Build/Products/Release-iphoneos/Recallo.app/PlugIns --scan-folder /Users/hanmingyu/Library/Developer/Xcode/DerivedData/拾贝-abtvuvydfcapvdevksoiyuicgolr/Build/Products/Release-iphoneos/Recallo.app/SystemExtensions --scan-folder /Users/hanmingyu/Library/Developer/Xcode/DerivedData/拾贝-abtvuvydfcapvdevksoiyuicgolr/Build/Products/Release-iphoneos/Recallo.app/Extensions --platform iphoneos --toolchain /Applications/Xcode.app/Contents/Developer/Toolchains/XcodeDefault.xctoolchain --destination /Users/hanmingyu/Library/Developer/Xcode/DerivedData/拾贝-abtvuvydfcapvdevksoiyuicgolr/Build/Products/Release-iphoneos/Recallo.app/Frameworks --strip-bitcode --strip-bitcode-tool /Applications/Xcode.app/Contents/Developer/Toolchains/XcodeDefault.xctoolchain/usr/bin/bitcode_strip --emit-dependency-info /Users/hanmingyu/Library/Developer/Xcode/DerivedData/拾贝-abtvuvydfcapvdevksoiyuicgolr/Build/Intermediates.noindex/拾贝.build/Release-iphoneos/拾贝.build/SwiftStdLibToolInputDependencies.dep --filter-for-swift-os
Ignoring --strip-bitcode because --sign was not passed

ExtractAppIntentsMetadata (in target '拾贝' from project '拾贝')
    cd /Users/hanmingyu/Downloads/拾贝-prod-hardening/拾贝
    /Applications/Xcode.app/Contents/Developer/Toolchains/XcodeDefault.xctoolchain/usr/bin/appintentsmetadataprocessor --toolchain-dir /Applications/Xcode.app/Contents/Developer/Toolchains/XcodeDefault.xctoolchain --module-name Recallo --sdk-root /Applications/Xcode.app/Contents/Developer/Platforms/iPhoneOS.platform/Developer/SDKs/iPhoneOS26.5.sdk --xcode-version 17F113 --platform-family iOS --deployment-target 26.0 --bundle-identifier com.maxhan.shibei --output /Users/hanmingyu/Library/Developer/Xcode/DerivedData/拾贝-abtvuvydfcapvdevksoiyuicgolr/Build/Products/Release-iphoneos/Recallo.app --target-triple arm64-apple-ios26.0 --binary-file /Users/hanmingyu/Library/Developer/Xcode/DerivedData/拾贝-abtvuvydfcapvdevksoiyuicgolr/Build/Products/Release-iphoneos/Recallo.app/Recallo --dependency-file /Users/hanmingyu/Library/Developer/Xcode/DerivedData/拾贝-abtvuvydfcapvdevksoiyuicgolr/Build/Intermediates.noindex/拾贝.build/Release-iphoneos/拾贝.build/Objects-normal/arm64/Recallo_dependency_info.dat --stringsdata-file /Users/hanmingyu/Library/Developer/Xcode/DerivedData/拾贝-abtvuvydfcapvdevksoiyuicgolr/Build/Intermediates.noindex/拾贝.build/Release-iphoneos/拾贝.build/Objects-normal/arm64/ExtractedAppShortcutsMetadata.stringsdata --source-file-list /Users/hanmingyu/Library/Developer/Xcode/DerivedData/拾贝-abtvuvydfcapvdevksoiyuicgolr/Build/Intermediates.noindex/拾贝.build/Release-iphoneos/拾贝.build/Objects-normal/arm64/Recallo.SwiftFileList --metadata-file-list /Users/hanmingyu/Library/Developer/Xcode/DerivedData/拾贝-abtvuvydfcapvdevksoiyuicgolr/Build/Intermediates.noindex/拾贝.build/Release-iphoneos/拾贝.build/Recallo.DependencyMetadataFileList --static-metadata-file-list /Users/hanmingyu/Library/Developer/Xcode/DerivedData/拾贝-abtvuvydfcapvdevksoiyuicgolr/Build/Intermediates.noindex/拾贝.build/Release-iphoneos/拾贝.build/Recallo.DependencyStaticMetadataFileList --swift-const-vals-list /Users/hanmingyu/Library/Developer/Xcode/DerivedData/拾贝-abtvuvydfcapvdevksoiyuicgolr/Build/Intermediates.noindex/拾贝.build/Release-iphoneos/拾贝.build/Objects-normal/arm64/Recallo.SwiftConstValuesFileList --compile-time-extraction --deployment-aware-processing --validate-assistant-intents --no-app-shortcuts-localization
2026-07-03 17:48:06.906 appintentsmetadataprocessor[15744:21588812] Starting appintentsmetadataprocessor export
2026-07-03 17:48:06.932 appintentsmetadataprocessor[15744:21588812] warning: Metadata extraction skipped. No AppIntents.framework dependency found.

AppIntentsSSUTraining (in target '拾贝' from project '拾贝')
    cd /Users/hanmingyu/Downloads/拾贝-prod-hardening/拾贝
    /Applications/Xcode.app/Contents/Developer/Toolchains/XcodeDefault.xctoolchain/usr/bin/appintentsnltrainingprocessor --infoplist-path /Users/hanmingyu/Library/Developer/Xcode/DerivedData/拾贝-abtvuvydfcapvdevksoiyuicgolr/Build/Products/Release-iphoneos/Recallo.app/Info.plist --temp-dir-path /Users/hanmingyu/Library/Developer/Xcode/DerivedData/拾贝-abtvuvydfcapvdevksoiyuicgolr/Build/Intermediates.noindex/拾贝.build/Release-iphoneos/拾贝.build/ssu --bundle-id com.maxhan.shibei --product-path /Users/hanmingyu/Library/Developer/Xcode/DerivedData/拾贝-abtvuvydfcapvdevksoiyuicgolr/Build/Products/Release-iphoneos/Recallo.app --extracted-metadata-path /Users/hanmingyu/Library/Developer/Xcode/DerivedData/拾贝-abtvuvydfcapvdevksoiyuicgolr/Build/Products/Release-iphoneos/Recallo.app/Metadata.appintents --metadata-file-list /Users/hanmingyu/Library/Developer/Xcode/DerivedData/拾贝-abtvuvydfcapvdevksoiyuicgolr/Build/Intermediates.noindex/拾贝.build/Release-iphoneos/拾贝.build/Recallo.DependencyMetadataFileList --source-file /Users/hanmingyu/Library/Developer/Xcode/DerivedData/拾贝-abtvuvydfcapvdevksoiyuicgolr/Build/Products/Release-iphoneos/Recallo.app/Info.plist --archive-ssu-assets
2026-07-03 17:48:06.968 appintentsnltrainingprocessor[15745:21588817] Parsing options for appintentsnltrainingprocessor
2026-07-03 17:48:06.969 appintentsnltrainingprocessor[15745:21588817] Starting AppIntents SSU YAML Generation
2026-07-03 17:48:06.971 appintentsnltrainingprocessor[15745:21588817] No AppShortcuts found - Skipping.

RegisterExecutionPolicyException /Users/hanmingyu/Library/Developer/Xcode/DerivedData/拾贝-abtvuvydfcapvdevksoiyuicgolr/Build/Products/Release-iphoneos/Recallo.app (in target '拾贝' from project '拾贝')
    cd /Users/hanmingyu/Downloads/拾贝-prod-hardening/拾贝
    builtin-RegisterExecutionPolicyException /Users/hanmingyu/Library/Developer/Xcode/DerivedData/拾贝-abtvuvydfcapvdevksoiyuicgolr/Build/Products/Release-iphoneos/Recallo.app

Validate /Users/hanmingyu/Library/Developer/Xcode/DerivedData/拾贝-abtvuvydfcapvdevksoiyuicgolr/Build/Products/Release-iphoneos/Recallo.app (in target '拾贝' from project '拾贝')
    cd /Users/hanmingyu/Downloads/拾贝-prod-hardening/拾贝
    builtin-validationUtility /Users/hanmingyu/Library/Developer/Xcode/DerivedData/拾贝-abtvuvydfcapvdevksoiyuicgolr/Build/Products/Release-iphoneos/Recallo.app -validate-for-store -shallow-bundle -infoplist-subpath Info.plist

Touch /Users/hanmingyu/Library/Developer/Xcode/DerivedData/拾贝-abtvuvydfcapvdevksoiyuicgolr/Build/Products/Release-iphoneos/Recallo.app (in target '拾贝' from project '拾贝')
    cd /Users/hanmingyu/Downloads/拾贝-prod-hardening/拾贝
    /usr/bin/touch -c /Users/hanmingyu/Library/Developer/Xcode/DerivedData/拾贝-abtvuvydfcapvdevksoiyuicgolr/Build/Products/Release-iphoneos/Recallo.app

** BUILD SUCCEEDED **

